Archive member included to satisfy reference by file (symbol)

C:/devkitPro/libctru/lib\libctru.a(console.o)
                              main.o (consoleInit)
C:/devkitPro/libctru/lib\libctru.a(gfx.o)
                              C:/devkitPro/libctru/lib\libctru.a(console.o) (gfxIsWide)
C:/devkitPro/libctru/lib\libctru.a(gspgpu.o)
                              C:/devkitPro/libctru/lib\libctru.a(gfx.o) (gspInit)
C:/devkitPro/libctru/lib\libctru.a(apt.o)
                              main.o (aptMainLoop)
C:/devkitPro/libctru/lib\libctru.a(hid.o)
                              main.o (hidScanInput)
C:/devkitPro/libctru/lib\libctru.a(ctru_init.o)
                              C:/devkitPro/libctru/lib\libctru.a(apt.o) (__system_retAddr)
C:/devkitPro/libctru/lib\libctru.a(initArgv.o)
                              C:/devkitPro/libctru/lib\libctru.a(ctru_init.o) (__system_initArgv)
C:/devkitPro/libctru/lib\libctru.a(svc.o)
                              C:/devkitPro/libctru/lib\libctru.a(apt.o) (svcSleepThread)
C:/devkitPro/libctru/lib\libctru.a(stack_adjust.o)
                              c:/devkitpro/devkitarm/bin/../lib/gcc/arm-none-eabi/11.2.0/../../../../arm-none-eabi/lib/armv6k/fpu/3dsx_crt0.o (initSystem)
C:/devkitPro/libctru/lib\libctru.a(default_font.bin.o)
                              C:/devkitPro/libctru/lib\libctru.a(console.o) (default_font_bin)
C:/devkitPro/libctru/lib\libctru.a(vram.o)
                              C:/devkitPro/libctru/lib\libctru.a(gfx.o) (vramAlloc)
C:/devkitPro/libctru/lib\libctru.a(linear.o)
                              C:/devkitPro/libctru/lib\libctru.a(gfx.o) (linearAlloc)
C:/devkitPro/libctru/lib\libctru.a(mem_pool.o)
                              C:/devkitPro/libctru/lib\libctru.a(vram.o) (MemPool::Allocate(MemChunk&, unsigned long, int))
C:/devkitPro/libctru/lib\libctru.a(synchronization.o)
                              C:/devkitPro/libctru/lib\libctru.a(ctru_init.o) (__sync_init)
C:/devkitPro/libctru/lib\libctru.a(os.o)
                              C:/devkitPro/libctru/lib\libctru.a(apt.o) (__ctru_speedup_config)
C:/devkitPro/libctru/lib\libctru.a(3dslink.o)
                              C:/devkitPro/libctru/lib\libctru.a(initArgv.o) (__3dslink_host)
C:/devkitPro/libctru/lib\libctru.a(srv.o)
                              C:/devkitPro/libctru/lib\libctru.a(apt.o) (srvInit)
C:/devkitPro/libctru/lib\libctru.a(thread.o)
                              C:/devkitPro/libctru/lib\libctru.a(gspgpu.o) (threadCreate)
C:/devkitPro/libctru/lib\libctru.a(mappable.o)
                              C:/devkitPro/libctru/lib\libctru.a(gspgpu.o) (mappableAlloc)
C:/devkitPro/libctru/lib\libctru.a(irrst.o)
                              C:/devkitPro/libctru/lib\libctru.a(hid.o) (irrstInit)
C:/devkitPro/libctru/lib\libctru.a(srvpm.o)
                              C:/devkitPro/libctru/lib\libctru.a(srv.o) (srvPmGetSessionHandle)
C:/devkitPro/libctru/lib\libctru.a(ptmsysm.o)
                              C:/devkitPro/libctru/lib\libctru.a(os.o) (ptmSysmInit)
C:/devkitPro/libctru/lib\libctru.a(soc_socket.o)
                              C:/devkitPro/libctru/lib\libctru.a(3dslink.o) (socket)
C:/devkitPro/libctru/lib\libctru.a(soc_connect.o)
                              C:/devkitPro/libctru/lib\libctru.a(3dslink.o) (connect)
C:/devkitPro/libctru/lib\libctru.a(soc_common.o)
                              C:/devkitPro/libctru/lib\libctru.a(soc_socket.o) (_net_convert_error)
C:/devkitPro/libctru/lib\libctru.a(rbtree_init.o)
                              C:/devkitPro/libctru/lib\libctru.a(vram.o) (rbtree_init)
C:/devkitPro/libctru/lib\libctru.a(rbtree_insert.o)
                              C:/devkitPro/libctru/lib\libctru.a(vram.o) (rbtree_insert)
C:/devkitPro/libctru/lib\libctru.a(rbtree_rotate.o)
                              C:/devkitPro/libctru/lib\libctru.a(rbtree_insert.o) (rbtree_rotate)
C:/devkitPro/libctru/lib\libctru.a(rbtree_remove.o)
                              C:/devkitPro/libctru/lib\libctru.a(vram.o) (rbtree_remove)
C:/devkitPro/libctru/lib\libctru.a(rbtree_find.o)
                              C:/devkitPro/libctru/lib\libctru.a(vram.o) (rbtree_find)
C:/devkitPro/libctru/lib\libctru.a(appInit.o)
                              C:/devkitPro/libctru/lib\libctru.a(stack_adjust.o) (__appInit)
C:/devkitPro/libctru/lib\libctru.a(syscalls.o)
                              C:/devkitPro/libctru/lib\libctru.a(ctru_init.o) (__system_initSyscalls)
C:/devkitPro/libctru/lib\libctru.a(allocateHeaps.o)
                              C:/devkitPro/libctru/lib\libctru.a(ctru_init.o) (__system_allocateHeaps)
C:/devkitPro/libctru/lib\libctru.a(appExit.o)
                              C:/devkitPro/libctru/lib\libctru.a(stack_adjust.o) (__appExit)
C:/devkitPro/libctru/lib\libctru.a(ctru_exit.o)
                              C:/devkitPro/libctru/lib\libctru.a(stack_adjust.o) (__libctru_exit)
C:/devkitPro/libctru/lib\libctru.a(env.o)
[...]
Memory Configuration

Name             Origin             Length             Attributes
*default*        0x0000000000000000 0xffffffffffffffff

Linker script and memory map

                0x0000000000100000                PROVIDE (__start__ = 0x100000)
                0x0000000000100000                . = __start__

.text           0x0000000000100000    0x214dc
 *(.crt0)
 .crt0          0x0000000000100000       0x94 c:/devkitpro/devkitarm/bin/../lib/gcc/arm-none-eabi/11.2.0/../../../../arm-none-eabi/lib/armv6k/fpu/3dsx_crt0.o
                0x0000000000100000                _start
                0x0000000000100008                __service_ptr
                0x000000000010000c                __apt_appid
                0x0000000000100010                __heap_size
                0x0000000000100014                __linear_heap_size
                0x0000000000100018                __system_arglist
                0x000000000010001c                __system_runflags
 *(.init)
 .init          0x0000000000100094        0xc c:/devkitpro/devkitarm/bin/../lib/gcc/arm-none-eabi/11.2.0/armv6k/fpu/crti.o
                0x0000000000100094                _init
 .init          0x00000000001000a0        0xc c:/devkitpro/devkitarm/bin/../lib/gcc/arm-none-eabi/11.2.0/armv6k/fpu/crtn.o
                0x00000000001000ac                . = ALIGN (0x4)
 *(.text)
 .text          0x00000000001000ac      0x240 c:/devkitpro/devkitarm/bin/../lib/gcc/arm-none-eabi/11.2.0/armv6k/fpu\libgcc.a(_divsi3.o)
                0x00000000001000ac                __divsi3
                0x00000000001000ac                __aeabi_idiv
                0x00000000001002cc                __aeabi_idivmod
 .text          0x00000000001002ec        0x4 c:/devkitpro/devkitarm/bin/../lib/gcc/arm-none-eabi/11.2.0/armv6k/fpu\libgcc.a(_dvmd_tls.o)
                0x00000000001002ec                __aeabi_idiv0
                0x00000000001002ec                __aeabi_ldiv0
 .text          0x00000000001002f0       0x3c c:/devkitpro/devkitarm/bin/../lib/gcc/arm-none-eabi/11.2.0/armv6k/fpu\libgcc.a(_aeabi_uldivmod.o)
                0x00000000001002f0                __aeabi_uldivmod
 *fill*         0x000000000010032c       0x14 
 .text          0x0000000000100340      0x390 c:/devkitpro/devkitarm/bin/../lib/gcc/arm-none-eabi/11.2.0/../../../../arm-none-eabi/lib/armv6k/fpu\libg.a(lib_a-strcmp.o)
                0x0000000000100348                strcmp
 .text          0x00000000001006d0      0x20c c:/devkitpro/devkitarm/bin/../lib/gcc/arm-none-eabi/11.2.0/armv6k/fpu\libgcc.a(_udivsi3.o)
                0x00000000001006d0                __aeabi_uidiv
                0x00000000001006d0                __udivsi3
                0x00000000001008bc                __aeabi_uidivmod
 .text          0x00000000001008dc      0x3c0 c:/devkitpro/devkitarm/bin/../lib/gcc/arm-none-eabi/11.2.0/armv6k/fpu\libgcc.a(_arm_addsubdf3.o)
                0x00000000001008dc                __aeabi_drsub
                0x00000000001008e4                __aeabi_dsub
                0x00000000001008e4                __subdf3
                0x00000000001008e8                __aeabi_dadd
                0x00000000001008e8                __adddf3
                0x0000000000100b94                __floatunsidf
                0x0000000000100b94                __aeabi_ui2d
                0x0000000000100bb8                __floatsidf
                0x0000000000100bb8                __aeabi_i2d
                0x0000000000100be0                __aeabi_f2d
                0x0000000000100be0                __extendsfdf2
                0x0000000000100c28                __floatundidf
                0x0000000000100c28                __aeabi_ul2d
                0x0000000000100c3c                __floatdidf
                0x0000000000100c3c                __aeabi_l2d
 *(.text.*)
 .text.__do_global_dtors_aux
                0x0000000000100c9c       0x40 c:/devkitpro/devkitarm/bin/../lib/gcc/arm-none-eabi/11.2.0/armv6k/fpu/crtbegin.o
 .text.frame_dummy
                0x0000000000100cdc       0x2c c:/devkitpro/devkitarm/bin/../lib/gcc/arm-none-eabi/11.2.0/armv6k/fpu/crtbegin.o
 .text.startup.main
                0x0000000000100d08      0x318 main.o
                0x0000000000100d08                main
 .text.parseColor
                0x0000000000101020      0x204 C:/devkitPro/libctru/lib\libctru.a(console.o)
 .text.consoleDrawChar
                0x0000000000101224      0x1ac C:/devkitPro/libctru/lib\libctru.a(console.o)
                0x0000000000101224                consoleDrawChar
 .text.consolePrintChar
                0x00000000001013d0      0x124 C:/devkitPro/libctru/lib\libctru.a(console.o)
                0x00000000001013d0                consolePrintChar
 .text.con_write
                0x00000000001014f4      0xb00 C:/devkitPro/libctru/lib\libctru.a(console.o)
                0x00000000001014f4                con_write
 .text.newRow   0x0000000000101ff4       0xf4 C:/devkitPro/libctru/lib\libctru.a(console.o)
 .text.consoleInit
                0x00000000001020e8      0x168 C:/devkitPro/libctru/lib\libctru.a(console.o)
                0x00000000001020e8                consoleInit
 .text.gfxPresentFramebuffer
                0x0000000000102250       0xd0 C:/devkitPro/libctru/lib\libctru.a(gfx.o)
 .text.gfxIsWide
                0x0000000000102320       0x1c C:/devkitPro/libctru/lib\libctru.a(gfx.o)
                0x0000000000102320                gfxIsWide
 .text.gfxSetScreenFormat
                0x000000000010233c       0xec C:/devkitPro/libctru/lib\libctru.a(gfx.o)
                0x000000000010233c                gfxSetScreenFormat
 .text.gfxSetDoubleBuffering
                0x0000000000102428       0x10 C:/devkitPro/libctru/lib\libctru.a(gfx.o)
                0x0000000000102428                gfxSetDoubleBuffering
 .text.gfxInit  0x0000000000102438       0xe8 C:/devkitPro/libctru/lib\libctru.a(gfx.o)
                0x0000000000102438                gfxInit
 .text.gfxInitDefault
                0x0000000000102520       0x10 C:/devkitPro/libctru/lib\libctru.a(gfx.o)
                0x0000000000102520                gfxInitDefault
 .text.gfxExit  0x0000000000102530       0xb4 C:/devkitPro/libctru/lib\libctru.a(gfx.o)
                0x0000000000102530                gfxExit
 .text.gfxGetFramebuffer
                0x00000000001025e4       0xa0 C:/devkitPro/libctru/lib\libctru.a(gfx.o)
                0x00000000001025e4                gfxGetFramebuffer
 .text.gfxFlushBuffers
                0x0000000000102684      0x10c C:/devkitPro/libctru/lib\libctru.a(gfx.o)
                0x0000000000102684                gfxFlushBuffers
 .text.gfxSwapBuffers
                0x0000000000102790       0x50 C:/devkitPro/libctru/lib\libctru.a(gfx.o)
                0x0000000000102790                gfxSwapBuffers
 .text.gfxSwapBuffersGpu
                0x00000000001027e0       0x50 C:/devkitPro/libctru/lib\libctru.a(gfx.o)
                0x00000000001027e0                gfxSwapBuffersGpu
 .text.gspHardwareInit
                0x0000000000102830      0xc58 C:/devkitPro/libctru/lib\libctru.a(gspgpu.o)
 .text.gspInit  0x0000000000103488      0x24c C:/devkitPro/libctru/lib\libctru.a(gspgpu.o)
                0x0000000000103488                gspInit
 .text.gspExit  0x00000000001036d4       0xf0 C:/devkitPro/libctru/lib\libctru.a(gspgpu.o)
                0x00000000001036d4                gspExit
 .text.gspHasGpuRight
                0x00000000001037c4       0x10 C:/devkitPro/libctru/lib\libctru.a(gspgpu.o)
                0x00000000001037c4                gspHasGpuRight
 .text.gspPresentBuffer
                0x00000000001037d4       0xa0 C:/devkitPro/libctru/lib\libctru.a(gspgpu.o)
                0x00000000001037d4                gspPresentBuffer
 .text.gspWaitForEvent
                0x0000000000103874       0x50 C:/devkitPro/libctru/lib\libctru.a(gspgpu.o)
                0x0000000000103874                gspWaitForEvent
 .text.gxCmdQueueInterrupt
                0x00000000001038c4        0x4 C:/devkitPro/libctru/lib\libctru.a(gspgpu.o)
                0x00000000001038c4                gxCmdQueueInterrupt
 .text.gspEventThreadMain
                0x00000000001038c8      0x160 C:/devkitPro/libctru/lib\libctru.a(gspgpu.o)
 .text.GSPGPU_FlushDataCache
                0x0000000000103a28       0x50 C:/devkitPro/libctru/lib\libctru.a(gspgpu.o)
                0x0000000000103a28                GSPGPU_FlushDataCache
 .text.GSPGPU_SetLcdForceBlack
                0x0000000000103a78       0x34 C:/devkitPro/libctru/lib\libctru.a(gspgpu.o)
                0x0000000000103a78                GSPGPU_SetLcdForceBlack
 .text.GSPGPU_AcquireRight
                0x0000000000103aac       0x68 C:/devkitPro/libctru/lib\libctru.a(gspgpu.o)
                0x0000000000103aac                GSPGPU_AcquireRight
 .text.GSPGPU_ReleaseRight
                0x0000000000103b14       0x48 C:/devkitPro/libctru/lib\libctru.a(gspgpu.o)
                0x0000000000103b14                GSPGPU_ReleaseRight
 .text.GSPGPU_ImportDisplayCaptureInfo
                0x0000000000103b5c       0x7c C:/devkitPro/libctru/lib\libctru.a(gspgpu.o)
                0x0000000000103b5c                GSPGPU_ImportDisplayCaptureInfo
 .text.GSPGPU_SaveVramSysArea
                0x0000000000103bd8       0x2c C:/devkitPro/libctru/lib\libctru.a(gspgpu.o)
                0x0000000000103bd8                GSPGPU_SaveVramSysArea
 .text.GSPGPU_RestoreVramSysArea
                0x0000000000103c04       0x2c C:/devkitPro/libctru/lib\libctru.a(gspgpu.o)
                0x0000000000103c04                GSPGPU_RestoreVramSysArea
 .text.aptConvertScreenForCapture
                0x0000000000103c30      0x1b0 C:/devkitPro/libctru/lib\libctru.a(apt.o)
 .text.aptDspSleep
                0x0000000000103de0        0x8 C:/devkitPro/libctru/lib\libctru.a(apt.o)
                0x0000000000103de0                aptDspSleep
 .text.aptDspWakeup
                0x0000000000103de8        0x4 C:/devkitPro/libctru/lib\libctru.a(apt.o)
                0x0000000000103de8                aptDspWakeup
 .text.aptDspCancel
                0x0000000000103dec        0x4 C:/devkitPro/libctru/lib\libctru.a(apt.o)
                0x0000000000103dec                aptDspCancel
 .text.aptSendCommand
                0x0000000000103df0      0x15c C:/devkitPro/libctru/lib\libctru.a(apt.o)
                0x0000000000103df0                aptSendCommand
 .text.aptExitProcess
                0x0000000000103f4c       0x38 C:/devkitPro/libctru/lib\libctru.a(apt.o)
 .text.aptExit  0x0000000000103f84      0x2f0 C:/devkitPro/libctru/lib\libctru.a(apt.o)
                0x0000000000103f84                aptExit
 .text.aptHandleSleep
                0x0000000000104274       0xd8 C:/devkitPro/libctru/lib\libctru.a(apt.o)
                0x0000000000104274                aptHandleSleep
 .text.APT_SleepIfShellClosed
                0x000000000010434c       0x84 C:/devkitPro/libctru/lib\libctru.a(apt.o)
                0x000000000010434c                APT_SleepIfShellClosed
 .text.aptSetSleepAllowed
                0x00000000001043d0       0x84 C:/devkitPro/libctru/lib\libctru.a(apt.o)
                0x00000000001043d0                aptSetSleepAllowed
 .text.APT_UnlockTransition
                0x0000000000104454       0x84 C:/devkitPro/libctru/lib\libctru.a(apt.o)
                0x0000000000104454                APT_UnlockTransition
 .text.aptEventHandler
                0x00000000001044d8      0x484 C:/devkitPro/libctru/lib\libctru.a(apt.o)
 .text.APT_ReceiveParameter
                0x000000000010495c       0xb0 C:/devkitPro/libctru/lib\libctru.a(apt.o)
                0x000000000010495c                APT_ReceiveParameter
 .text.aptReceiveParameter.constprop.0
                0x0000000000104a0c       0xb0 C:/devkitPro/libctru/lib\libctru.a(apt.o)
 *fill*         0x0000000000104abc        0x4 
 .text.aptScreenTransfer
                0x0000000000104ac0      0x2bc C:/devkitPro/libctru/lib\libctru.a(apt.o)
 .text.aptWaitForWakeUp.isra.0
                0x0000000000104d7c      0x374 C:/devkitPro/libctru/lib\libctru.a(apt.o)
 .text.aptJumpToHomeMenu
                0x00000000001050f0       0xf8 C:/devkitPro/libctru/lib\libctru.a(apt.o)
                0x00000000001050f0                aptJumpToHomeMenu
 .text.aptMainLoop
                0x00000000001051e8       0x4c C:/devkitPro/libctru/lib\libctru.a(apt.o)
                0x00000000001051e8                aptMainLoop
 .text.aptInit  0x0000000000105234      0x234 C:/devkitPro/libctru/lib\libctru.a(apt.o)
                0x0000000000105234                aptInit
 .text.APT_CheckNew3DS
                0x0000000000105468       0x7c C:/devkitPro/libctru/lib\libctru.a(apt.o)
                0x0000000000105468                APT_CheckNew3DS
 .text.hidShouldUseIrrst
                0x00000000001054e4       0x24 C:/devkitPro/libctru/lib\libctru.a(hid.o)
                0x00000000001054e4                hidShouldUseIrrst
 .text.hidInit  0x0000000000105508      0x18c C:/devkitPro/libctru/lib\libctru.a(hid.o)
                0x0000000000105508                hidInit
 .text.hidExit  0x0000000000105694       0xe8 C:/devkitPro/libctru/lib\libctru.a(hid.o)
                0x0000000000105694                hidExit
 .text.hidScanInput
                0x000000000010577c      0x2a4 C:/devkitPro/libctru/lib\libctru.a(hid.o)
                0x000000000010577c                hidScanInput
 .text.hidKeysHeld
                0x0000000000105a20       0x10 C:/devkitPro/libctru/lib\libctru.a(hid.o)
                0x0000000000105a20                hidKeysHeld
 .text.hidKeysDown
                0x0000000000105a30       0x10 C:/devkitPro/libctru/lib\libctru.a(hid.o)
                0x0000000000105a30                hidKeysDown
 .text.hidTouchRead
                0x0000000000105a40       0x18 C:/devkitPro/libctru/lib\libctru.a(hid.o)
                0x0000000000105a40                hidTouchRead
 .text.__libctru_init
                0x0000000000105a58       0x38 C:/devkitPro/libctru/lib\libctru.a(ctru_init.o)
                0x0000000000105a58                __libctru_init
 .text.__system_initArgv
                0x0000000000105a90      0x168 C:/devkitPro/libctru/lib\libctru.a(initArgv.o)
                0x0000000000105a90                __system_initArgv
 .text.svcControlMemory
                0x0000000000105bf8       0x20 C:/devkitPro/libctru/lib\libctru.a(svc.o)
                0x0000000000105bf8                svcControlMemory
 .text.svcQueryMemory
                0x0000000000105c18       0x30 C:/devkitPro/libctru/lib\libctru.a(svc.o)
                0x0000000000105c18                svcQueryMemory
 .text.svcExitProcess
                0x0000000000105c48        0x8 C:/devkitPro/libctru/lib\libctru.a(svc.o)
                0x0000000000105c48                svcExitProcess
 .text.svcCreateThread
                0x0000000000105c50       0x20 C:/devkitPro/libctru/lib\libctru.a(svc.o)
                0x0000000000105c50                svcCreateThread
 .text.svcExitThread
                0x0000000000105c70        0x8 C:/devkitPro/libctru/lib\libctru.a(svc.o)
                0x0000000000105c70                svcExitThread
 .text.svcSleepThread
                0x0000000000105c78        0x8 C:/devkitPro/libctru/lib\libctru.a(svc.o)
                0x0000000000105c78                svcSleepThread
 .text.svcReleaseMutex
                0x0000000000105c80        0x8 C:/devkitPro/libctru/lib\libctru.a(svc.o)
                0x0000000000105c80                svcReleaseMutex
 .text.svcCreateEvent
                0x0000000000105c88       0x14 C:/devkitPro/libctru/lib\libctru.a(svc.o)
                0x0000000000105c88                svcCreateEvent
 .text.svcSignalEvent
                0x0000000000105c9c        0x8 C:/devkitPro/libctru/lib\libctru.a(svc.o)
                0x0000000000105c9c                svcSignalEvent
 .text.svcClearEvent
                0x0000000000105ca4        0x8 C:/devkitPro/libctru/lib\libctru.a(svc.o)
                0x0000000000105ca4                svcClearEvent
 .text.svcMapMemoryBlock
                0x0000000000105cac        0x8 C:/devkitPro/libctru/lib\libctru.a(svc.o)
                0x0000000000105cac                svcMapMemoryBlock
 .text.svcUnmapMemoryBlock
                0x0000000000105cb4        0x8 C:/devkitPro/libctru/lib\libctru.a(svc.o)
                0x0000000000105cb4                svcUnmapMemoryBlock
 .text.svcCreateAddressArbiter
                0x0000000000105cbc       0x14 C:/devkitPro/libctru/lib\libctru.a(svc.o)
                0x0000000000105cbc                svcCreateAddressArbiter
 .text.svcArbitrateAddressNoTimeout
                0x0000000000105cd0        0x8 C:/devkitPro/libctru/lib\libctru.a(svc.o)
                0x0000000000105cd0                svcArbitrateAddressNoTimeout
 .text.svcCloseHandle
                0x0000000000105cd8        0x8 C:/devkitPro/libctru/lib\libctru.a(svc.o)
                0x0000000000105cd8                svcCloseHandle
 .text.svcWaitSynchronization
                0x0000000000105ce0        0x8 C:/devkitPro/libctru/lib\libctru.a(svc.o)
                0x0000000000105ce0                svcWaitSynchronization
 .text.svcWaitSynchronizationN
                0x0000000000105ce8       0x28 C:/devkitPro/libctru/lib\libctru.a(svc.o)
                0x0000000000105ce8                svcWaitSynchronizationN
 .text.svcDuplicateHandle
                0x0000000000105d10       0x14 C:/devkitPro/libctru/lib\libctru.a(svc.o)
                0x0000000000105d10                svcDuplicateHandle
 .text.svcConnectToPort
                0x0000000000105d24       0x14 C:/devkitPro/libctru/lib\libctru.a(svc.o)
                0x0000000000105d24                svcConnectToPort
 .text.svcSendSyncRequest
                0x0000000000105d38        0x8 C:/devkitPro/libctru/lib\libctru.a(svc.o)
                0x0000000000105d38                svcSendSyncRequest
 .text.svcGetResourceLimit
                0x0000000000105d40       0x14 C:/devkitPro/libctru/lib\libctru.a(svc.o)
                0x0000000000105d40                svcGetResourceLimit
 .text.svcGetResourceLimitLimitValues
                0x0000000000105d54        0x8 C:/devkitPro/libctru/lib\libctru.a(svc.o)
                0x0000000000105d54                svcGetResourceLimitLimitValues
 .text.svcGetResourceLimitCurrentValues
                0x0000000000105d5c        0x8 C:/devkitPro/libctru/lib\libctru.a(svc.o)
                0x0000000000105d5c                svcGetResourceLimitCurrentValues
 .text.svcBreak
                0x0000000000105d64        0x8 C:/devkitPro/libctru/lib\libctru.a(svc.o)
                0x0000000000105d64                svcBreak
 .text.initSystem
                0x0000000000105d6c       0x50 C:/devkitPro/libctru/lib\libctru.a(stack_adjust.o)
                0x0000000000105d6c                initSystem
 .text.__ctru_exit
                0x0000000000105dbc       0x18 C:/devkitPro/libctru/lib\libctru.a(stack_adjust.o)
                0x0000000000105dbc                __ctru_exit
 .text._ZL21addrMapNodeComparatorPK11rbtree_nodeS1_
                0x0000000000105dd4       0x24 C:/devkitPro/libctru/lib\libctru.a(vram.o)
 .text._ZL21addrMapNodeDestructorP11rbtree_node
                0x0000000000105df8        0x4 C:/devkitPro/libctru/lib\libctru.a(vram.o)
 .text.vramMemAlignAt
                0x0000000000105dfc      0x258 C:/devkitPro/libctru/lib\libctru.a(vram.o)
                0x0000000000105dfc                vramMemAlignAt
 .text.vramAlloc
                0x0000000000106054        0xc C:/devkitPro/libctru/lib\libctru.a(vram.o)
                0x0000000000106054                vramAlloc
 .text.vramFree
                0x0000000000106060       0x90 C:/devkitPro/libctru/lib\libctru.a(vram.o)
                0x0000000000106060                vramFree
 .text._ZL21addrMapNodeComparatorPK11rbtree_nodeS1_
                0x00000000001060f0       0x24 C:/devkitPro/libctru/lib\libctru.a(linear.o)
 .text._ZL21addrMapNodeDestructorP11rbtree_node
                0x0000000000106114        0x4 C:/devkitPro/libctru/lib\libctru.a(linear.o)
 .text.linearMemAlign
                0x0000000000106118      0x130 C:/devkitPro/libctru/lib\libctru.a(linear.o)
                0x0000000000106118                linearMemAlign
 .text.linearAlloc
                0x0000000000106248        0x8 C:/devkitPro/libctru/lib\libctru.a(linear.o)
                0x0000000000106248                linearAlloc
 .text.linearFree
                0x0000000000106250       0x5c C:/devkitPro/libctru/lib\libctru.a(linear.o)
                0x0000000000106250                linearFree
 .text._ZN7MemPool13CoalesceRightEP8MemBlock
                0x00000000001062ac       0x80 C:/devkitPro/libctru/lib\libctru.a(mem_pool.o)
                0x00000000001062ac                MemPool::CoalesceRight(MemBlock*)
 .text._ZN7MemPool8AllocateER8MemChunkmi
                0x000000000010632c      0x174 C:/devkitPro/libctru/lib\libctru.a(mem_pool.o)
                0x000000000010632c                MemPool::Allocate(MemChunk&, unsigned long, int)
 .text._ZN7MemPool10DeallocateERK8MemChunk
                0x00000000001064a0       0xfc C:/devkitPro/libctru/lib\libctru.a(mem_pool.o)
                0x00000000001064a0                MemPool::Deallocate(MemChunk const&)
 .text._ZN7MemPool12GetFreeSpaceEv
                0x000000000010659c       0x30 C:/devkitPro/libctru/lib\libctru.a(mem_pool.o)
                0x000000000010659c                MemPool::GetFreeSpace()
 .text.__sync_init
                0x00000000001065cc        0xc C:/devkitPro/libctru/lib\libctru.a(synchronization.o)
                0x00000000001065cc                __sync_init
 .text.__sync_fini
                0x00000000001065d8       0x18 C:/devkitPro/libctru/lib\libctru.a(synchronization.o)
                0x00000000001065d8                __sync_fini
 .text.syncArbitrateAddress
                0x00000000001065f0       0x2c C:/devkitPro/libctru/lib\libctru.a(synchronization.o)
                0x00000000001065f0                syncArbitrateAddress
 .text.LightLock_Lock
                0x000000000010661c       0x94 C:/devkitPro/libctru/lib\libctru.a(synchronization.o)
                0x000000000010661c                LightLock_Lock
 .text.LightLock_Unlock
                0x00000000001066b0       0x40 C:/devkitPro/libctru/lib\libctru.a(synchronization.o)
                0x00000000001066b0                LightLock_Unlock
 .text.RecursiveLock_Init
                0x00000000001066f0       0x24 C:/devkitPro/libctru/lib\libctru.a(synchronization.o)
                0x00000000001066f0                RecursiveLock_Init
 .text.RecursiveLock_Lock
                0x0000000000106714       0x30 C:/devkitPro/libctru/lib\libctru.a(synchronization.o)
                0x0000000000106714                RecursiveLock_Lock
 .text.RecursiveLock_Unlock
                0x0000000000106744       0x54 C:/devkitPro/libctru/lib\libctru.a(synchronization.o)
                0x0000000000106744                RecursiveLock_Unlock
 .text.LightEvent_Init
                0x0000000000106798       0x40 C:/devkitPro/libctru/lib\libctru.a(synchronization.o)
                0x0000000000106798                LightEvent_Init
 .text.LightEvent_Clear
                0x00000000001067d8       0xa4 C:/devkitPro/libctru/lib\libctru.a(synchronization.o)
                0x00000000001067d8                LightEvent_Clear
 .text.LightEvent_Signal
                0x000000000010687c       0xc8 C:/devkitPro/libctru/lib\libctru.a(synchronization.o)
                0x000000000010687c                LightEvent_Signal
 .text.LightEvent_TryWait
                0x0000000000106944       0x58 C:/devkitPro/libctru/lib\libctru.a(synchronization.o)
                0x0000000000106944                LightEvent_TryWait
 .text.LightEvent_Wait
                0x000000000010699c       0xb0 C:/devkitPro/libctru/lib\libctru.a(synchronization.o)
                0x000000000010699c                LightEvent_Wait
 .text.__ctru_speedup_config
                0x0000000000106a4c       0x34 C:/devkitPro/libctru/lib\libctru.a(os.o)
                0x0000000000106a4c                __ctru_speedup_config
 .text.srvInit  0x0000000000106a80      0x124 C:/devkitPro/libctru/lib\libctru.a(srv.o)
                0x0000000000106a80                srvInit
 .text.srvExit  0x0000000000106ba4       0x58 C:/devkitPro/libctru/lib\libctru.a(srv.o)
                0x0000000000106ba4                srvExit
 .text.srvGetServiceHandleDirect
                0x0000000000106bfc       0x80 C:/devkitPro/libctru/lib\libctru.a(srv.o)
                0x0000000000106bfc                srvGetServiceHandleDirect
 .text.srvGetServiceHandle
                0x0000000000106c7c       0x48 C:/devkitPro/libctru/lib\libctru.a(srv.o)
                0x0000000000106c7c                srvGetServiceHandle
 .text.srvPublishToSubscriber
                0x0000000000106cc4       0x38 C:/devkitPro/libctru/lib\libctru.a(srv.o)
                0x0000000000106cc4                srvPublishToSubscriber
 .text.threadCreate
                0x0000000000106cfc      0x188 C:/devkitPro/libctru/lib\libctru.a(thread.o)
                0x0000000000106cfc                threadCreate
 .text.threadFree
                0x0000000000106e84       0x2c C:/devkitPro/libctru/lib\libctru.a(thread.o)
                0x0000000000106e84                threadFree
 .text.threadJoin
                0x0000000000106eb0       0x24 C:/devkitPro/libctru/lib\libctru.a(thread.o)
                0x0000000000106eb0                threadJoin
 .text.threadGetCurrent
                0x0000000000106ed4       0x30 C:/devkitPro/libctru/lib\libctru.a(thread.o)
                0x0000000000106ed4                threadGetCurrent
 .text.threadExit
                0x0000000000106f04       0x40 C:/devkitPro/libctru/lib\libctru.a(thread.o)
                0x0000000000106f04                threadExit
 .text._thread_begin
                0x0000000000106f44       0x44 C:/devkitPro/libctru/lib\libctru.a(thread.o)
 .text.mappableFindAddressWithin
                0x0000000000106f88       0x94 C:/devkitPro/libctru/lib\libctru.a(mappable.o)
 .text.mappableInit
                0x000000000010701c       0x28 C:/devkitPro/libctru/lib\libctru.a(mappable.o)
                0x000000000010701c                mappableInit
 .text.mappableAlloc
                0x0000000000107044       0x80 C:/devkitPro/libctru/lib\libctru.a(mappable.o)
                0x0000000000107044                mappableAlloc
 .text.mappableFree
                0x00000000001070c4        0x4 C:/devkitPro/libctru/lib\libctru.a(mappable.o)
                0x00000000001070c4                mappableFree
 .text.irrstInit
                0x00000000001070c8      0x160 C:/devkitPro/libctru/lib\libctru.a(irrst.o)
                0x00000000001070c8                irrstInit
 .text.irrstExit
                0x0000000000107228       0xcc C:/devkitPro/libctru/lib\libctru.a(irrst.o)
                0x0000000000107228                irrstExit
 .text.irrstScanInput
                0x00000000001072f4       0xb4 C:/devkitPro/libctru/lib\libctru.a(irrst.o)
                0x00000000001072f4                irrstScanInput
 .text.irrstKeysHeld
                0x00000000001073a8       0x24 C:/devkitPro/libctru/lib\libctru.a(irrst.o)
                0x00000000001073a8                irrstKeysHeld
 .text.srvPmGetSessionHandle
                0x00000000001073cc        0xc C:/devkitPro/libctru/lib\libctru.a(srvpm.o)
                0x00000000001073cc                srvPmGetSessionHandle
 .text.ptmSysmInit
                0x00000000001073d8       0x74 C:/devkitPro/libctru/lib\libctru.a(ptmsysm.o)
                0x00000000001073d8                ptmSysmInit
 .text.ptmSysmExit
                0x000000000010744c       0x3c C:/devkitPro/libctru/lib\libctru.a(ptmsysm.o)
                0x000000000010744c                ptmSysmExit
 .text.PTMSYSM_ConfigureNew3DSCPU
                0x0000000000107488       0x34 C:/devkitPro/libctru/lib\libctru.a(ptmsysm.o)
                0x0000000000107488                PTMSYSM_ConfigureNew3DSCPU
 .text.rbtree_init
                0x00000000001074bc       0x10 C:/devkitPro/libctru/lib\libctru.a(rbtree_init.o)
                0x00000000001074bc                rbtree_init
 .text.do_insert
                0x00000000001074cc      0x1a8 C:/devkitPro/libctru/lib\libctru.a(rbtree_insert.o)
 .text.rbtree_insert
                0x0000000000107674        0x8 C:/devkitPro/libctru/lib\libctru.a(rbtree_insert.o)
                0x0000000000107674                rbtree_insert
 .text.rbtree_rotate
                0x000000000010767c       0x90 C:/devkitPro/libctru/lib\libctru.a(rbtree_rotate.o)
                0x000000000010767c                rbtree_rotate
 .text.rbtree_remove
                0x000000000010770c      0x338 C:/devkitPro/libctru/lib\libctru.a(rbtree_remove.o)
                0x000000000010770c                rbtree_remove
 .text.rbtree_find
                0x0000000000107a44       0x74 C:/devkitPro/libctru/lib\libctru.a(rbtree_find.o)
                0x0000000000107a44                rbtree_find
 .text.__appInit
                0x0000000000107ab8       0x30 C:/devkitPro/libctru/lib\libctru.a(appInit.o)
                0x0000000000107ab8                __appInit
 .text.__syscall_getreent
                0x0000000000107ae8       0x30 C:/devkitPro/libctru/lib\libctru.a(syscalls.o)
                0x0000000000107ae8                __syscall_getreent
 .text.__syscall_lock_acquire
                0x0000000000107b18        0x4 C:/devkitPro/libctru/lib\libctru.a(syscalls.o)
                0x0000000000107b18                __syscall_lock_acquire
 .text.__syscall_lock_release
                0x0000000000107b1c        0x4 C:/devkitPro/libctru/lib\libctru.a(syscalls.o)
                0x0000000000107b1c                __syscall_lock_release
 .text.__syscall_lock_init_recursive
                0x0000000000107b20        0x4 C:/devkitPro/libctru/lib\libctru.a(syscalls.o)
                0x0000000000107b20                __syscall_lock_init_recursive
 .text.__syscall_lock_acquire_recursive
                0x0000000000107b24        0x4 C:/devkitPro/libctru/lib\libctru.a(syscalls.o)
                0x0000000000107b24                __syscall_lock_acquire_recursive
 .text.__syscall_lock_release_recursive
                0x0000000000107b28        0x4 C:/devkitPro/libctru/lib\libctru.a(syscalls.o)
                0x0000000000107b28                __syscall_lock_release_recursive
 .text.__syscall_exit
                0x0000000000107b2c        0x4 C:/devkitPro/libctru/lib\libctru.a(syscalls.o)
                0x0000000000107b2c                __syscall_exit
 .text.__system_initSyscalls
                0x0000000000107b30       0x60 C:/devkitPro/libctru/lib\libctru.a(syscalls.o)
                0x0000000000107b30                __system_initSyscalls
 .text.__system_allocateHeaps
                0x0000000000107b90      0x1e0 C:/devkitPro/libctru/lib\libctru.a(allocateHeaps.o)
                0x0000000000107b90                __system_allocateHeaps
 .text.__appExit
                0x0000000000107d70       0x30 C:/devkitPro/libctru/lib\libctru.a(appExit.o)
                0x0000000000107d70                __appExit
 .text.__libctru_exit
                0x0000000000107da0       0x90 C:/devkitPro/libctru/lib\libctru.a(ctru_exit.o)
                0x0000000000107da0                __libctru_exit
 .text.envGetHandle
                0x0000000000107e30       0x84 C:/devkitPro/libctru/lib\libctru.a(env.o)
                0x0000000000107e30                envGetHandle
 .text.envDestroyHandles
                0x0000000000107eb4       0x50 C:/devkitPro/libctru/lib\libctru.a(env.o)
                0x0000000000107eb4                envDestroyHandles
 .text.archive_link
                0x0000000000107f04       0x14 C:/devkitPro/libctru/lib\libctru.a(archive_dev.o)
 .text.archive_dirreset
                0x0000000000107f18       0x14 C:/devkitPro/libctru/lib\libctru.a(archive_dev.o)
 .text.archive_chmod
                0x0000000000107f2c       0x14 C:/devkitPro/libctru/lib\libctru.a(archive_dev.o)
 .text.error_cmp
                0x0000000000107f40       0x24 C:/devkitPro/libctru/lib\libctru.a(archive_dev.o)
 .text.archive_translate_error
                0x0000000000107f64       0x50 C:/devkitPro/libctru/lib\libctru.a(archive_dev.o)
 .text.archive_seek
                0x0000000000107fb4       0xd4 C:/devkitPro/libctru/lib\libctru.a(archive_dev.o)
 .text._archiveInit.part.0
                0x0000000000108088       0x7c C:/devkitPro/libctru/lib\libctru.a(archive_dev.o)
 .text.archiveFindDevice.part.0
                0x0000000000108104       0x8c C:/devkitPro/libctru/lib\libctru.a(archive_dev.o)
 .text.archive_utf16path
                0x0000000000108190      0x260 C:/devkitPro/libctru/lib\libctru.a(archive_dev.o)
 .text._archiveUnmountDeviceStruct.part.0
                0x00000000001083f0       0xa0 C:/devkitPro/libctru/lib\libctru.a(archive_dev.o)
 .text.archive_fchmod
                0x0000000000108490       0x14 C:/devkitPro/libctru/lib\libctru.a(archive_dev.o)
 .text.archive_statvfs
                0x00000000001084a4       0x14 C:/devkitPro/libctru/lib\libctru.a(archive_dev.o)
 .text._archiveMountDevice
                0x00000000001084b8      0x158 C:/devkitPro/libctru/lib\libctru.a(archive_dev.o)
 .text.archive_diropen
                0x0000000000108610       0xe8 C:/devkitPro/libctru/lib\libctru.a(archive_dev.o)
 .text.archive_fstat
                0x00000000001086f8       0xa4 C:/devkitPro/libctru/lib\libctru.a(archive_dev.o)
 .text.archive_close
                0x000000000010879c       0x6c C:/devkitPro/libctru/lib\libctru.a(archive_dev.o)
 .text.archive_fsync
                0x0000000000108808       0x6c C:/devkitPro/libctru/lib\libctru.a(archive_dev.o)
 .text.archive_dirclose
                0x0000000000108874       0x70 C:/devkitPro/libctru/lib\libctru.a(archive_dev.o)
 .text.sdmc_statvfs
                0x00000000001088e4       0xe8 C:/devkitPro/libctru/lib\libctru.a(archive_dev.o)
 .text.archive_ftruncate
                0x00000000001089cc       0x80 C:/devkitPro/libctru/lib\libctru.a(archive_dev.o)
 .text.archive_chdir
                0x0000000000108a4c       0xfc C:/devkitPro/libctru/lib\libctru.a(archive_dev.o)
 .text.archive_read
                0x0000000000108b48       0xb0 C:/devkitPro/libctru/lib\libctru.a(archive_dev.o)
 .text.archive_unlink
                0x0000000000108bf8       0xac C:/devkitPro/libctru/lib\libctru.a(archive_dev.o)
 .text.archive_rmdir
                0x0000000000108ca4       0xc8 C:/devkitPro/libctru/lib\libctru.a(archive_dev.o)
 .text.archive_mkdir
                0x0000000000108d6c       0xec C:/devkitPro/libctru/lib\libctru.a(archive_dev.o)
 .text.archive_stat
                0x0000000000108e58      0x1a8 C:/devkitPro/libctru/lib\libctru.a(archive_dev.o)
 .text.archive_rename
                0x0000000000109000      0x26c C:/devkitPro/libctru/lib\libctru.a(archive_dev.o)
 .text.archive_dirnext
                0x000000000010926c      0x168 C:/devkitPro/libctru/lib\libctru.a(archive_dev.o)
 .text.archive_write
                0x00000000001093d4      0x12c C:/devkitPro/libctru/lib\libctru.a(archive_dev.o)
 .text.archive_open
                0x0000000000109500      0x1e8 C:/devkitPro/libctru/lib\libctru.a(archive_dev.o)
 .text.archiveMountSdmc
                0x00000000001096e8      0x1a4 C:/devkitPro/libctru/lib\libctru.a(archive_dev.o)
                0x00000000001096e8                archiveMountSdmc
 .text.archiveUnmountAll
                0x000000000010988c       0x54 C:/devkitPro/libctru/lib\libctru.a(archive_dev.o)
                0x000000000010988c                archiveUnmountAll
 .text.fsInit   0x00000000001098e0       0xc8 C:/devkitPro/libctru/lib\libctru.a(fs.o)
                0x00000000001098e0                fsInit
 .text.fsExit   0x00000000001099a8       0x3c C:/devkitPro/libctru/lib\libctru.a(fs.o)
                0x00000000001099a8                fsExit
 .text.fsExemptFromSession
                0x00000000001099e4       0x60 C:/devkitPro/libctru/lib\libctru.a(fs.o)
                0x00000000001099e4                fsExemptFromSession
 .text.fsUnexemptFromSession
                0x0000000000109a44       0x50 C:/devkitPro/libctru/lib\libctru.a(fs.o)
                0x0000000000109a44                fsUnexemptFromSession
 .text.FSUSER_OpenFile
                0x0000000000109a94       0xcc C:/devkitPro/libctru/lib\libctru.a(fs.o)
                0x0000000000109a94                FSUSER_OpenFile
 .text.FSUSER_DeleteFile
                0x0000000000109b60       0xbc C:/devkitPro/libctru/lib\libctru.a(fs.o)
                0x0000000000109b60                FSUSER_DeleteFile
 .text.FSUSER_RenameFile
                0x0000000000109c1c       0xf8 C:/devkitPro/libctru/lib\libctru.a(fs.o)
                0x0000000000109c1c                FSUSER_RenameFile
 .text.FSUSER_DeleteDirectory
                0x0000000000109d14       0xbc C:/devkitPro/libctru/lib\libctru.a(fs.o)
                0x0000000000109d14                FSUSER_DeleteDirectory
 .text.FSUSER_CreateFile
                0x0000000000109dd0       0xd4 C:/devkitPro/libctru/lib\libctru.a(fs.o)
                0x0000000000109dd0                FSUSER_CreateFile
 .text.FSUSER_CreateDirectory
                0x0000000000109ea4       0xc4 C:/devkitPro/libctru/lib\libctru.a(fs.o)
                0x0000000000109ea4                FSUSER_CreateDirectory
 .text.FSUSER_RenameDirectory
                0x0000000000109f68       0xf8 C:/devkitPro/libctru/lib\libctru.a(fs.o)
                0x0000000000109f68                FSUSER_RenameDirectory
 .text.FSUSER_OpenDirectory
                0x000000000010a060       0xb4 C:/devkitPro/libctru/lib\libctru.a(fs.o)
                0x000000000010a060                FSUSER_OpenDirectory
 .text.FSUSER_OpenArchive
                0x000000000010a114       0x94 C:/devkitPro/libctru/lib\libctru.a(fs.o)
                0x000000000010a114                FSUSER_OpenArchive
 .text.FSUSER_CloseArchive
                0x000000000010a1a8       0x8c C:/devkitPro/libctru/lib\libctru.a(fs.o)
                0x000000000010a1a8                FSUSER_CloseArchive
 .text.FSUSER_GetSdmcArchiveResource
                0x000000000010a234       0x74 C:/devkitPro/libctru/lib\libctru.a(fs.o)
                0x000000000010a234                FSUSER_GetSdmcArchiveResource
 .text.FSUSER_IsSdmcWritable
                0x000000000010a2a8       0x64 C:/devkitPro/libctru/lib\libctru.a(fs.o)
                0x000000000010a2a8                FSUSER_IsSdmcWritable
 .text.FSFILE_Read
                0x000000000010a30c       0x58 C:/devkitPro/libctru/lib\libctru.a(fs.o)
                0x000000000010a30c                FSFILE_Read
 .text.FSFILE_Write
                0x000000000010a364       0x60 C:/devkitPro/libctru/lib\libctru.a(fs.o)
                0x000000000010a364                FSFILE_Write
 .text.FSFILE_GetSize
                0x000000000010a3c4       0x38 C:/devkitPro/libctru/lib\libctru.a(fs.o)
                0x000000000010a3c4                FSFILE_GetSize
 .text.FSFILE_SetSize
                0x000000000010a3fc       0x28 C:/devkitPro/libctru/lib\libctru.a(fs.o)
                0x000000000010a3fc                FSFILE_SetSize
 .text.FSFILE_Close
                0x000000000010a424       0x3c C:/devkitPro/libctru/lib\libctru.a(fs.o)
                0x000000000010a424                FSFILE_Close
 .text.FSFILE_Flush
                0x000000000010a460       0x24 C:/devkitPro/libctru/lib\libctru.a(fs.o)
                0x000000000010a460                FSFILE_Flush
 .text.FSDIR_Read
                0x000000000010a484       0x50 C:/devkitPro/libctru/lib\libctru.a(fs.o)
                0x000000000010a484                FSDIR_Read
 .text.FSDIR_Close
                0x000000000010a4d4       0x3c C:/devkitPro/libctru/lib\libctru.a(fs.o)
                0x000000000010a4d4                FSDIR_Close
 .text.rbtree_node_next
                0x000000000010a510       0x58 C:/devkitPro/libctru/lib\libctru.a(rbtree_iterator.o)
                0x000000000010a510                rbtree_node_next
 .text.utf16_to_utf8
                0x000000000010a568       0xe8 C:/devkitPro/libctru/lib\libctru.a(utf16_to_utf8.o)
                0x000000000010a568                utf16_to_utf8
 .text.decode_utf16
                0x000000000010a650       0x64 C:/devkitPro/libctru/lib\libctru.a(decode_utf16.o)
                0x000000000010a650                decode_utf16
 .text.decode_utf8
                0x000000000010a6b4      0x13c C:/devkitPro/libctru/lib\libctru.a(decode_utf8.o)
                0x000000000010a6b4                decode_utf8
 .text.utf8_to_utf16
                0x000000000010a7f0       0xc0 C:/devkitPro/libctru/lib\libctru.a(utf8_to_utf16.o)
                0x000000000010a7f0                utf8_to_utf16
 .text.__aeabi_read_tp
                0x000000000010a8b0        0xc C:/devkitPro/libctru/lib\libctru.a(readtp.o)
                0x000000000010a8b0                __aeabi_read_tp
 .text.encode_utf16
                0x000000000010a8bc       0x60 C:/devkitPro/libctru/lib\libctru.a(encode_utf16.o)
                0x000000000010a8bc                encode_utf16
 .text.encode_utf8
                0x000000000010a91c       0xfc C:/devkitPro/libctru/lib\libctru.a(encode_utf8.o)
                0x000000000010a91c                encode_utf8
 .text.__udivmoddi4
                0x000000000010aa18      0x120 c:/devkitpro/devkitarm/bin/../lib/gcc/arm-none-eabi/11.2.0/armv6k/fpu\libgcc.a(_udivmoddi4.o)
                0x000000000010aa18                __udivmoddi4
 .text.bsearch  0x000000000010ab38       0x78 c:/devkitpro/devkitarm/bin/../lib/gcc/arm-none-eabi/11.2.0/../../../../arm-none-eabi/lib/armv6k/fpu\libg.a(lib_a-bsearch.o)
                0x000000000010ab38                bsearch
 .text.__errno  0x000000000010abb0        0xc c:/devkitpro/devkitarm/bin/../lib/gcc/arm-none-eabi/11.2.0/../../../../arm-none-eabi/lib/armv6k/fpu\libg.a(lib_a-errno.o)
                0x000000000010abb0                __errno
 .text.exit     0x000000000010abbc       0x34 c:/devkitpro/devkitarm/bin/../lib/gcc/arm-none-eabi/11.2.0/../../../../arm-none-eabi/lib/armv6k/fpu\libg.a(lib_a-exit.o)
                0x000000000010abbc                exit
 .text.__sflush_r
                0x000000000010abf0      0x258 c:/devkitpro/devkitarm/bin/../lib/gcc/arm-none-eabi/11.2.0/../../../../arm-none-eabi/lib/armv6k/fpu\libg.a(lib_a-fflush.o)
                0x000000000010abf0                __sflush_r
 .text._fflush_r
                0x000000000010ae48       0x94 c:/devkitpro/devkitarm/bin/../lib/gcc/arm-none-eabi/11.2.0/../../../../arm-none-eabi/lib/armv6k/fpu\libg.a(lib_a-fflush.o)
                0x000000000010ae48                _fflush_r
 .text._cleanup_r
                0x000000000010aedc        0xc c:/devkitpro/devkitarm/bin/../lib/gcc/arm-none-eabi/11.2.0/../../../../arm-none-eabi/lib/armv6k/fpu\libg.a(lib_a-findfp.o)
                0x000000000010aedc                _cleanup_r
 .text.__sinit  0x000000000010aee8      0x184 c:/devkitpro/devkitarm/bin/../lib/gcc/arm-none-eabi/11.2.0/../../../../arm-none-eabi/lib/armv6k/fpu\libg.a(lib_a-findfp.o)
                0x000000000010aee8                __sinit
 .text.__sfp_lock_acquire
                0x000000000010b06c        0xc c:/devkitpro/devkitarm/bin/../lib/gcc/arm-none-eabi/11.2.0/../../../../arm-none-eabi/lib/armv6k/fpu\libg.a(lib_a-findfp.o)
                0x000000000010b06c                __sfp_lock_acquire
 .text.__sfp_lock_release
                0x000000000010b078        0xc c:/devkitpro/devkitarm/bin/../lib/gcc/arm-none-eabi/11.2.0/../../../../arm-none-eabi/lib/armv6k/fpu\libg.a(lib_a-findfp.o)
                0x000000000010b078                __sfp_lock_release
 .text.__libc_fini_array
                0x000000000010b084       0x3c c:/devkitpro/devkitarm/bin/../lib/gcc/arm-none-eabi/11.2.0/../../../../arm-none-eabi/lib/armv6k/fpu\libg.a(lib_a-fini.o)
                0x000000000010b084                __libc_fini_array
 .text._malloc_trim_r
                0x000000000010b0c0       0xf8 c:/devkitpro/devkitarm/bin/../lib/gcc/arm-none-eabi/11.2.0/../../../../arm-none-eabi/lib/armv6k/fpu\libg.a(lib_a-freer.o)
                0x000000000010b0c0                _malloc_trim_r
 .text._free_r  0x000000000010b1b8      0x2e4 c:/devkitpro/devkitarm/bin/../lib/gcc/arm-none-eabi/11.2.0/../../../../arm-none-eabi/lib/armv6k/fpu\libg.a(lib_a-freer.o)
                0x000000000010b1b8                _free_r
 .text._fwalk_reent
                0x000000000010b49c       0x70 c:/devkitpro/devkitarm/bin/../lib/gcc/arm-none-eabi/11.2.0/../../../../arm-none-eabi/lib/armv6k/fpu\libg.a(lib_a-fwalk.o)
                0x000000000010b49c                _fwalk_reent
 .text.__libc_init_array
                0x000000000010b50c       0x7c c:/devkitpro/devkitarm/bin/../lib/gcc/arm-none-eabi/11.2.0/../../../../arm-none-eabi/lib/armv6k/fpu\libg.a(lib_a-init.o)
                0x000000000010b50c                __libc_init_array
 .text.memalign
                0x000000000010b588       0x28 c:/devkitpro/devkitarm/bin/../lib/gcc/arm-none-eabi/11.2.0/../../../../arm-none-eabi/lib/armv6k/fpu\libg.a(lib_a-malign.o)
                0x000000000010b588                memalign
 .text._memalign_r
                0x000000000010b5b0      0x150 c:/devkitpro/devkitarm/bin/../lib/gcc/arm-none-eabi/11.2.0/../../../../arm-none-eabi/lib/armv6k/fpu\libg.a(lib_a-malignr.o)
                0x000000000010b5b0                _memalign_r
 .text.malloc   0x000000000010b700       0x20 c:/devkitpro/devkitarm/bin/../lib/gcc/arm-none-eabi/11.2.0/../../../../arm-none-eabi/lib/armv6k/fpu\libg.a(lib_a-malloc.o)
                0x000000000010b700                malloc
 .text.free     0x000000000010b720       0x20 c:/devkitpro/devkitarm/bin/../lib/gcc/arm-none-eabi/11.2.0/../../../../arm-none-eabi/lib/armv6k/fpu\libg.a(lib_a-malloc.o)
                0x000000000010b720                free
 .text._malloc_r
                0x000000000010b740      0x7e0 c:/devkitpro/devkitarm/bin/../lib/gcc/arm-none-eabi/11.2.0/../../../../arm-none-eabi/lib/armv6k/fpu\libg.a(lib_a-mallocr.o)
                0x000000000010b740                _malloc_r
 .text.memchr   0x000000000010bf20       0xe0 c:/devkitpro/devkitarm/bin/../lib/gcc/arm-none-eabi/11.2.0/../../../../arm-none-eabi/lib/armv6k/fpu\libg.a(lib_a-memchr-stub.o)
                0x000000000010bf20                memchr
 .text.memcpy   0x000000000010c000      0x11c c:/devkitpro/devkitarm/bin/../lib/gcc/arm-none-eabi/11.2.0/../../../../arm-none-eabi/lib/armv6k/fpu\libg.a(lib_a-memcpy-stub.o)
                0x000000000010c000                memcpy
 .text.memset   0x000000000010c11c      0x118 c:/devkitpro/devkitarm/bin/../lib/gcc/arm-none-eabi/11.2.0/../../../../arm-none-eabi/lib/armv6k/fpu\libg.a(lib_a-memset.o)
                0x000000000010c11c                memset
 .text.__malloc_lock
                0x000000000010c234        0xc c:/devkitpro/devkitarm/bin/../lib/gcc/arm-none-eabi/11.2.0/../../../../arm-none-eabi/lib/armv6k/fpu\libg.a(lib_a-mlock.o)
                0x000000000010c234                __malloc_lock
 .text.__malloc_unlock
                0x000000000010c240        0xc c:/devkitpro/devkitarm/bin/../lib/gcc/arm-none-eabi/11.2.0/../../../../arm-none-eabi/lib/armv6k/fpu\libg.a(lib_a-mlock.o)
                0x000000000010c240                __malloc_unlock
 .text.printf   0x000000000010c24c       0x34 c:/devkitpro/devkitarm/bin/../lib/gcc/arm-none-eabi/11.2.0/../../../../arm-none-eabi/lib/armv6k/fpu\libg.a(lib_a-printf.o)
                0x000000000010c24c                printf
 .text.setvbuf  0x000000000010c280      0x260 c:/devkitpro/devkitarm/bin/../lib/gcc/arm-none-eabi/11.2.0/../../../../arm-none-eabi/lib/armv6k/fpu\libg.a(lib_a-setvbuf.o)
                0x000000000010c280                setvbuf
 .text.sscanf   0x000000000010c4e0       0x74 c:/devkitpro/devkitarm/bin/../lib/gcc/arm-none-eabi/11.2.0/../../../../arm-none-eabi/lib/armv6k/fpu\libg.a(lib_a-sscanf.o)
                0x000000000010c4e0                sscanf
 .text.__sread  0x000000000010c554       0x44 c:/devkitpro/devkitarm/bin/../lib/gcc/arm-none-eabi/11.2.0/../../../../arm-none-eabi/lib/armv6k/fpu\libg.a(lib_a-stdio.o)
                0x000000000010c554                __sread
 .text.__seofread
                0x000000000010c598        0x8 c:/devkitpro/devkitarm/bin/../lib/gcc/arm-none-eabi/11.2.0/../../../../arm-none-eabi/lib/armv6k/fpu\libg.a(lib_a-stdio.o)
                0x000000000010c598                __seofread
 .text.__swrite
                0x000000000010c5a0       0x68 c:/devkitpro/devkitarm/bin/../lib/gcc/arm-none-eabi/11.2.0/../../../../arm-none-eabi/lib/armv6k/fpu\libg.a(lib_a-stdio.o)
                0x000000000010c5a0                __swrite
 .text.__sseek  0x000000000010c608       0x48 c:/devkitpro/devkitarm/bin/../lib/gcc/arm-none-eabi/11.2.0/../../../../arm-none-eabi/lib/armv6k/fpu\libg.a(lib_a-stdio.o)
                0x000000000010c608                __sseek
 .text.__sclose
                0x000000000010c650        0x8 c:/devkitpro/devkitarm/bin/../lib/gcc/arm-none-eabi/11.2.0/../../../../arm-none-eabi/lib/armv6k/fpu\libg.a(lib_a-stdio.o)
                0x000000000010c650                __sclose
 .text.strlen   0x000000000010c658       0x5c c:/devkitpro/devkitarm/bin/../lib/gcc/arm-none-eabi/11.2.0/../../../../arm-none-eabi/lib/armv6k/fpu\libg.a(lib_a-strlen-stub.o)
                0x000000000010c658                strlen
 .text.strncat  0x000000000010c6b4       0xec c:/devkitpro/devkitarm/bin/../lib/gcc/arm-none-eabi/11.2.0/../../../../arm-none-eabi/lib/armv6k/fpu\libg.a(lib_a-strncat.o)
                0x000000000010c6b4                strncat
 .text.strncmp  0x000000000010c7a0       0xdc c:/devkitpro/devkitarm/bin/../lib/gcc/arm-none-eabi/11.2.0/../../../../arm-none-eabi/lib/armv6k/fpu\libg.a(lib_a-strncmp.o)
                0x000000000010c7a0                strncmp
 .text.strncpy  0x000000000010c87c       0xc0 c:/devkitpro/devkitarm/bin/../lib/gcc/arm-none-eabi/11.2.0/../../../../arm-none-eabi/lib/armv6k/fpu\libg.a(lib_a-strncpy.o)
                0x000000000010c87c                strncpy
 .text.strnlen  0x000000000010c93c       0x48 c:/devkitpro/devkitarm/bin/../lib/gcc/arm-none-eabi/11.2.0/../../../../arm-none-eabi/lib/armv6k/fpu\libg.a(lib_a-strnlen.o)
                0x000000000010c93c                strnlen
 .text._strtoul_l.constprop.0
                0x000000000010c984      0x1c4 c:/devkitpro/devkitarm/bin/../lib/gcc/arm-none-eabi/11.2.0/../../../../arm-none-eabi/lib/armv6k/fpu\libg.a(lib_a-strtoul.o)
 .text._strtoul_r
                0x000000000010cb48        0x4 c:/devkitpro/devkitarm/bin/../lib/gcc/arm-none-eabi/11.2.0/../../../../arm-none-eabi/lib/armv6k/fpu\libg.a(lib_a-strtoul.o)
                0x000000000010cb48                _strtoul_r
 .text.strtoul  0x000000000010cb4c       0x30 c:/devkitpro/devkitarm/bin/../lib/gcc/arm-none-eabi/11.2.0/../../../../arm-none-eabi/lib/armv6k/fpu\libg.a(lib_a-strtoul.o)
                0x000000000010cb4c                strtoul
 .text.get_arg  0x000000000010cb7c       0x50 c:/devkitpro/devkitarm/bin/../lib/gcc/arm-none-eabi/11.2.0/../../../../arm-none-eabi/lib/armv6k/fpu\libg.a(lib_a-svfscanf.o)
 .text.__ssvfscanf_r
                0x000000000010cbcc     0x2bbc c:/devkitpro/devkitarm/bin/../lib/gcc/arm-none-eabi/11.2.0/../../../../arm-none-eabi/lib/armv6k/fpu\libg.a(lib_a-svfscanf.o)
                0x000000000010cbcc                __ssvfscanf_r
 .text.get_arg  0x000000000010f788      0x628 c:/devkitpro/devkitarm/bin/../lib/gcc/arm-none-eabi/11.2.0/../../../../arm-none-eabi/lib/armv6k/fpu\libg.a(lib_a-vfprintf.o)
 .text._vfprintf_r
                0x000000000010fdb0     0x3684 c:/devkitpro/devkitarm/bin/../lib/gcc/arm-none-eabi/11.2.0/../../../../arm-none-eabi/lib/armv6k/fpu\libg.a(lib_a-vfprintf.o)
                0x000000000010fdb0                _vfprintf_r
 .text.__sbprintf
                0x0000000000113434       0xd4 c:/devkitpro/devkitarm/bin/../lib/gcc/arm-none-eabi/11.2.0/../../../../arm-none-eabi/lib/armv6k/fpu\libg.a(lib_a-vfprintf.o)
 .text._wcrtomb_r
                0x0000000000113508       0x54 c:/devkitpro/devkitarm/bin/../lib/gcc/arm-none-eabi/11.2.0/../../../../arm-none-eabi/lib/armv6k/fpu\libg.a(lib_a-wcrtomb.o)
                0x0000000000113508                _wcrtomb_r
 .text._wcsrtombs_r
                0x000000000011355c       0x28 c:/devkitpro/devkitarm/bin/../lib/gcc/arm-none-eabi/11.2.0/../../../../arm-none-eabi/lib/armv6k/fpu\libg.a(lib_a-wcsrtombs.o)
                0x000000000011355c                _wcsrtombs_r
 .text.__swsetup_r
                0x0000000000113584      0x154 c:/devkitpro/devkitarm/bin/../lib/gcc/arm-none-eabi/11.2.0/../../../../arm-none-eabi/lib/armv6k/fpu\libg.a(lib_a-wsetup.o)
                0x0000000000113584                __swsetup_r
 .text.__call_exitprocs
                0x00000000001136d8      0x114 c:/devkitpro/devkitarm/bin/../lib/gcc/arm-none-eabi/11.2.0/../../../../arm-none-eabi/lib/armv6k/fpu\libg.a(lib_a-__call_atexit.o)
                0x00000000001136d8                __call_exitprocs
 .text.quorem   0x00000000001137ec      0x1ac c:/devkitpro/devkitarm/bin/../lib/gcc/arm-none-eabi/11.2.0/../../../../arm-none-eabi/lib/armv6k/fpu\libg.a(lib_a-dtoa.o)
 .text._dtoa_r  0x0000000000113998     0x12cc c:/devkitpro/devkitarm/bin/../lib/gcc/arm-none-eabi/11.2.0/../../../../arm-none-eabi/lib/armv6k/fpu\libg.a(lib_a-dtoa.o)
                0x0000000000113998                _dtoa_r
 .text._fclose_r
                0x0000000000114c64      0x160 c:/devkitpro/devkitarm/bin/../lib/gcc/arm-none-eabi/11.2.0/../../../../arm-none-eabi/lib/armv6k/fpu\libg.a(lib_a-fclose.o)
                0x0000000000114c64                _fclose_r
 .text.iswspace
                0x0000000000114dc4        0x8 c:/devkitpro/devkitarm/bin/../lib/gcc/arm-none-eabi/11.2.0/../../../../arm-none-eabi/lib/armv6k/fpu\libg.a(lib_a-iswspace.o)
                0x0000000000114dc4                iswspace
 .text._localeconv_r
                0x0000000000114dcc        0xc c:/devkitpro/devkitarm/bin/../lib/gcc/arm-none-eabi/11.2.0/../../../../arm-none-eabi/lib/armv6k/fpu\libg.a(lib_a-localeconv.o)
                0x0000000000114dcc                _localeconv_r
 .text.__locale_mb_cur_max
                0x0000000000114dd8       0x10 c:/devkitpro/devkitarm/bin/../lib/gcc/arm-none-eabi/11.2.0/../../../../arm-none-eabi/lib/armv6k/fpu\libg.a(lib_a-locale.o)
                0x0000000000114dd8                __locale_mb_cur_max
 .text.__smakebuf_r
                0x0000000000114de8      0x138 c:/devkitpro/devkitarm/bin/../lib/gcc/arm-none-eabi/11.2.0/../../../../arm-none-eabi/lib/armv6k/fpu\libg.a(lib_a-makebuf.o)
                0x0000000000114de8                __smakebuf_r
 .text.__swhatbuf_r
                0x0000000000114f20       0x8c c:/devkitpro/devkitarm/bin/../lib/gcc/arm-none-eabi/11.2.0/../../../../arm-none-eabi/lib/armv6k/fpu\libg.a(lib_a-makebuf.o)
                0x0000000000114f20                __swhatbuf_r
 .text._mbrtowc_r
                0x0000000000114fac       0x68 c:/devkitpro/devkitarm/bin/../lib/gcc/arm-none-eabi/11.2.0/../../../../arm-none-eabi/lib/armv6k/fpu\libg.a(lib_a-mbrtowc.o)
                0x0000000000114fac                _mbrtowc_r
 .text.__utf8_mbtowc
                0x0000000000115014      0x2e4 c:/devkitpro/devkitarm/bin/../lib/gcc/arm-none-eabi/11.2.0/../../../../arm-none-eabi/lib/armv6k/fpu\libg.a(lib_a-mbtowc_r.o)
                0x0000000000115014                __utf8_mbtowc
 .text._Balloc  0x00000000001152f8       0x88 c:/devkitpro/devkitarm/bin/../lib/gcc/arm-none-eabi/11.2.0/../../../../arm-none-eabi/lib/armv6k/fpu\libg.a(lib_a-mprec.o)
                0x00000000001152f8                _Balloc
 .text._Bfree   0x0000000000115380       0x1c c:/devkitpro/devkitarm/bin/../lib/gcc/arm-none-eabi/11.2.0/../../../../arm-none-eabi/lib/armv6k/fpu\libg.a(lib_a-mprec.o)
                0x0000000000115380                _Bfree
 .text.__multadd
                0x000000000011539c       0xf4 c:/devkitpro/devkitarm/bin/../lib/gcc/arm-none-eabi/11.2.0/../../../../arm-none-eabi/lib/armv6k/fpu\libg.a(lib_a-mprec.o)
                0x000000000011539c                __multadd
 .text.__s2b    0x0000000000115490      0x110 c:/devkitpro/devkitarm/bin/../lib/gcc/arm-none-eabi/11.2.0/../../../../arm-none-eabi/lib/armv6k/fpu\libg.a(lib_a-mprec.o)
                0x0000000000115490                __s2b
 .text.__hi0bits
                0x00000000001155a0       0x58 c:/devkitpro/devkitarm/bin/../lib/gcc/arm-none-eabi/11.2.0/../../../../arm-none-eabi/lib/armv6k/fpu\libg.a(lib_a-mprec.o)
                0x00000000001155a0                __hi0bits
 .text.__lo0bits
                0x00000000001155f8       0x94 c:/devkitpro/devkitarm/bin/../lib/gcc/arm-none-eabi/11.2.0/../../../../arm-none-eabi/lib/armv6k/fpu\libg.a(lib_a-mprec.o)
                0x00000000001155f8                __lo0bits
 .text.__i2b    0x000000000011568c       0xa4 c:/devkitpro/devkitarm/bin/../lib/gcc/arm-none-eabi/11.2.0/../../../../arm-none-eabi/lib/armv6k/fpu\libg.a(lib_a-mprec.o)
                0x000000000011568c                __i2b
 .text.__multiply
                0x0000000000115730      0x204 c:/devkitpro/devkitarm/bin/../lib/gcc/arm-none-eabi/11.2.0/../../../../arm-none-eabi/lib/armv6k/fpu\libg.a(lib_a-mprec.o)
                0x0000000000115730                __multiply
 .text.__pow5mult
                0x0000000000115934      0x120 c:/devkitpro/devkitarm/bin/../lib/gcc/arm-none-eabi/11.2.0/../../../../arm-none-eabi/lib/armv6k/fpu\libg.a(lib_a-mprec.o)
                0x0000000000115934                __pow5mult
 .text.__lshift
                0x0000000000115a54      0x13c c:/devkitpro/devkitarm/bin/../lib/gcc/arm-none-eabi/11.2.0/../../../../arm-none-eabi/lib/armv6k/fpu\libg.a(lib_a-mprec.o)
                0x0000000000115a54                __lshift
 .text.__mcmp   0x0000000000115b90       0x58 c:/devkitpro/devkitarm/bin/../lib/gcc/arm-none-eabi/11.2.0/../../../../arm-none-eabi/lib/armv6k/fpu\libg.a(lib_a-mprec.o)
                0x0000000000115b90                __mcmp
 .text.__mdiff  0x0000000000115be8      0x1cc c:/devkitpro/devkitarm/bin/../lib/gcc/arm-none-eabi/11.2.0/../../../../arm-none-eabi/lib/armv6k/fpu\libg.a(lib_a-mprec.o)
                0x0000000000115be8                __mdiff
 .text.__ulp    0x0000000000115db4       0x74 c:/devkitpro/devkitarm/bin/../lib/gcc/arm-none-eabi/11.2.0/../../../../arm-none-eabi/lib/armv6k/fpu\libg.a(lib_a-mprec.o)
                0x0000000000115db4                __ulp
 .text.__b2d    0x0000000000115e28       0xd0 c:/devkitpro/devkitarm/bin/../lib/gcc/arm-none-eabi/11.2.0/../../../../arm-none-eabi/lib/armv6k/fpu\libg.a(lib_a-mprec.o)
                0x0000000000115e28                __b2d
 .text.__d2b    0x0000000000115ef8      0x124 c:/devkitpro/devkitarm/bin/../lib/gcc/arm-none-eabi/11.2.0/../../../../arm-none-eabi/lib/armv6k/fpu\libg.a(lib_a-mprec.o)
                0x0000000000115ef8                __d2b
 .text.__ratio  0x000000000011601c       0x78 c:/devkitpro/devkitarm/bin/../lib/gcc/arm-none-eabi/11.2.0/../../../../arm-none-eabi/lib/armv6k/fpu\libg.a(lib_a-mprec.o)
                0x000000000011601c                __ratio
 .text.__copybits
                0x0000000000116094       0x88 c:/devkitpro/devkitarm/bin/../lib/gcc/arm-none-eabi/11.2.0/../../../../arm-none-eabi/lib/armv6k/fpu\libg.a(lib_a-mprec.o)
                0x0000000000116094                __copybits
 .text.__any_on
                0x000000000011611c       0x5c c:/devkitpro/devkitarm/bin/../lib/gcc/arm-none-eabi/11.2.0/../../../../arm-none-eabi/lib/armv6k/fpu\libg.a(lib_a-mprec.o)
                0x000000000011611c                __any_on
 .text.realloc  0x0000000000116178       0x28 c:/devkitpro/devkitarm/bin/../lib/gcc/arm-none-eabi/11.2.0/../../../../arm-none-eabi/lib/armv6k/fpu\libg.a(lib_a-realloc.o)
                0x0000000000116178                realloc
 .text._realloc_r
                0x00000000001161a0      0x558 c:/devkitpro/devkitarm/bin/../lib/gcc/arm-none-eabi/11.2.0/../../../../arm-none-eabi/lib/armv6k/fpu\libg.a(lib_a-reallocr.o)
                0x00000000001161a0                _realloc_r
 .text.__sccl   0x00000000001166f8       0xe4 c:/devkitpro/devkitarm/bin/../lib/gcc/arm-none-eabi/11.2.0/../../../../arm-none-eabi/lib/armv6k/fpu\libg.a(lib_a-sccl.o)
                0x00000000001166f8                __sccl
 .text.nanf     0x00000000001167dc        0xc c:/devkitpro/devkitarm/bin/../lib/gcc/arm-none-eabi/11.2.0/../../../../arm-none-eabi/lib/armv6k/fpu\libg.a(lib_a-sf_nan.o)
                0x00000000001167dc                nanf
 .text.frexp    0x00000000001167e8       0xa8 c:/devkitpro/devkitarm/bin/../lib/gcc/arm-none-eabi/11.2.0/../../../../arm-none-eabi/lib/armv6k/fpu\libg.a(lib_a-s_frexp.o)
                0x00000000001167e8                frexp
 .text.sprintf  0x0000000000116890       0x64 c:/devkitpro/devkitarm/bin/../lib/gcc/arm-none-eabi/11.2.0/../../../../arm-none-eabi/lib/armv6k/fpu\libg.a(lib_a-sprintf.o)
                0x0000000000116890                sprintf
 .text.stpncpy  0x00000000001168f4       0xb8 c:/devkitpro/devkitarm/bin/../lib/gcc/arm-none-eabi/11.2.0/../../../../arm-none-eabi/lib/armv6k/fpu\libg.a(lib_a-stpncpy.o)
                0x00000000001168f4                stpncpy
 .text.strchr   0x00000000001169ac      0x12c c:/devkitpro/devkitarm/bin/../lib/gcc/arm-none-eabi/11.2.0/../../../../arm-none-eabi/lib/armv6k/fpu\libg.a(lib_a-strchr.o)
                0x00000000001169ac                strchr
 .text._strtod_l
                0x0000000000116ad8     0x1368 c:/devkitpro/devkitarm/bin/../lib/gcc/arm-none-eabi/11.2.0/../../../../arm-none-eabi/lib/armv6k/fpu\libg.a(lib_a-strtod.o)
                0x0000000000116ad8                _strtod_l
 .text._strtod_r
                0x0000000000117e40        0xc c:/devkitpro/devkitarm/bin/../lib/gcc/arm-none-eabi/11.2.0/../../../../arm-none-eabi/lib/armv6k/fpu\libg.a(lib_a-strtod.o)
                0x0000000000117e40                _strtod_r
 .text._strtoll_l.constprop.0
                0x0000000000117e4c      0x22c c:/devkitpro/devkitarm/bin/../lib/gcc/arm-none-eabi/11.2.0/../../../../arm-none-eabi/lib/armv6k/fpu\libg.a(lib_a-strtoll.o)
 .text._strtoll_r
                0x0000000000118078        0x4 c:/devkitpro/devkitarm/bin/../lib/gcc/arm-none-eabi/11.2.0/../../../../arm-none-eabi/lib/armv6k/fpu\libg.a(lib_a-strtoll.o)
                0x0000000000118078                _strtoll_r
 .text._strtol_l.part.0
                0x000000000011807c      0x1a4 c:/devkitpro/devkitarm/bin/../lib/gcc/arm-none-eabi/11.2.0/../../../../arm-none-eabi/lib/armv6k/fpu\libg.a(lib_a-strtol.o)
 .text._strtol_r
                0x0000000000118220       0x3c c:/devkitpro/devkitarm/bin/../lib/gcc/arm-none-eabi/11.2.0/../../../../arm-none-eabi/lib/armv6k/fpu\libg.a(lib_a-strtol.o)
                0x0000000000118220                _strtol_r
 .text._strtoull_l.constprop.0
                0x000000000011825c      0x244 c:/devkitpro/devkitarm/bin/../lib/gcc/arm-none-eabi/11.2.0/../../../../arm-none-eabi/lib/armv6k/fpu\libg.a(lib_a-strtoull.o)
 .text._strtoull_r
                0x00000000001184a0        0x4 c:/devkitpro/devkitarm/bin/../lib/gcc/arm-none-eabi/11.2.0/../../../../arm-none-eabi/lib/armv6k/fpu\libg.a(lib_a-strtoull.o)
                0x00000000001184a0                _strtoull_r
 .text.__ssprint_r
                0x00000000001184a4      0x190 c:/devkitpro/devkitarm/bin/../lib/gcc/arm-none-eabi/11.2.0/../../../../arm-none-eabi/lib/armv6k/fpu\libg.a(lib_a-svfiprintf.o)
                0x00000000001184a4                __ssprint_r
 .text._sungetc_r
                0x0000000000118634       0xe0 c:/devkitpro/devkitarm/bin/../lib/gcc/arm-none-eabi/11.2.0/../../../../arm-none-eabi/lib/armv6k/fpu\libg.a(lib_a-svfiscanf.o)
                0x0000000000118634                _sungetc_r
 .text.__ssrefill_r
                0x0000000000118714       0x6c c:/devkitpro/devkitarm/bin/../lib/gcc/arm-none-eabi/11.2.0/../../../../arm-none-eabi/lib/armv6k/fpu\libg.a(lib_a-svfiscanf.o)
                0x0000000000118714                __ssrefill_r
 .text._sfread_r
                0x0000000000118780       0xc8 c:/devkitpro/devkitarm/bin/../lib/gcc/arm-none-eabi/11.2.0/../../../../arm-none-eabi/lib/armv6k/fpu\libg.a(lib_a-svfiscanf.o)
                0x0000000000118780                _sfread_r
 .text.get_arg  0x0000000000118848      0x628 c:/devkitpro/devkitarm/bin/../lib/gcc/arm-none-eabi/11.2.0/../../../../arm-none-eabi/lib/armv6k/fpu\libg.a(lib_a-svfprintf.o)
 .text._svfprintf_r
                0x0000000000118e70     0x35b8 c:/devkitpro/devkitarm/bin/../lib/gcc/arm-none-eabi/11.2.0/../../../../arm-none-eabi/lib/armv6k/fpu\libg.a(lib_a-svfprintf.o)
                0x0000000000118e70                _svfprintf_r
 .text.__submore
                0x000000000011c428       0xa8 c:/devkitpro/devkitarm/bin/../lib/gcc/arm-none-eabi/11.2.0/../../../../arm-none-eabi/lib/armv6k/fpu\libg.a(lib_a-ungetc.o)
                0x000000000011c428                __submore
 .text.get_arg  0x000000000011c4d0      0x628 c:/devkitpro/devkitarm/bin/../lib/gcc/arm-none-eabi/11.2.0/../../../../arm-none-eabi/lib/armv6k/fpu\libg.a(lib_a-vfiprintf.o)
 .text.__sprint_r
                0x000000000011caf8       0x30 c:/devkitpro/devkitarm/bin/../lib/gcc/arm-none-eabi/11.2.0/../../../../arm-none-eabi/lib/armv6k/fpu\libg.a(lib_a-vfiprintf.o)
                0x000000000011caf8                __sprint_r
 .text._vfiprintf_r
                0x000000000011cb28     0x233c c:/devkitpro/devkitarm/bin/../lib/gcc/arm-none-eabi/11.2.0/../../../../arm-none-eabi/lib/armv6k/fpu\libg.a(lib_a-vfiprintf.o)
                0x000000000011cb28                _vfiprintf_r
 .text.__sbprintf
                0x000000000011ee64       0xd4 c:/devkitpro/devkitarm/bin/../lib/gcc/arm-none-eabi/11.2.0/../../../../arm-none-eabi/lib/armv6k/fpu\libg.a(lib_a-vfiprintf.o)
 .text._wcsnrtombs_l
                0x000000000011ef38      0x190 c:/devkitpro/devkitarm/bin/../lib/gcc/arm-none-eabi/11.2.0/../../../../arm-none-eabi/lib/armv6k/fpu\libg.a(lib_a-wcsnrtombs.o)
                0x000000000011ef38                _wcsnrtombs_l
 .text._wcsnrtombs_r
                0x000000000011f0c8       0x4c c:/devkitpro/devkitarm/bin/../lib/gcc/arm-none-eabi/11.2.0/../../../../arm-none-eabi/lib/armv6k/fpu\libg.a(lib_a-wcsnrtombs.o)
                0x000000000011f0c8                _wcsnrtombs_r
 .text.__utf8_wctomb
                0x000000000011f114       0xf0 c:/devkitpro/devkitarm/bin/../lib/gcc/arm-none-eabi/11.2.0/../../../../arm-none-eabi/lib/armv6k/fpu\libg.a(lib_a-wctomb_r.o)
                0x000000000011f114                __utf8_wctomb
 .text.__assert_func
                0x000000000011f204       0x54 c:/devkitpro/devkitarm/bin/../lib/gcc/arm-none-eabi/11.2.0/../../../../arm-none-eabi/lib/armv6k/fpu\libg.a(lib_a-assert.o)
                0x000000000011f204                __assert_func
 .text._calloc_r
                0x000000000011f258       0xbc c:/devkitpro/devkitarm/bin/../lib/gcc/arm-none-eabi/11.2.0/../../../../arm-none-eabi/lib/armv6k/fpu\libg.a(lib_a-callocr.o)
                0x000000000011f258                _calloc_r
 .text.fiprintf
                0x000000000011f314       0x3c c:/devkitpro/devkitarm/bin/../lib/gcc/arm-none-eabi/11.2.0/../../../../arm-none-eabi/lib/armv6k/fpu\libg.a(lib_a-fiprintf.o)
                0x000000000011f314                fiprintf
 .text.__sfvwrite_r
                0x000000000011f350      0x4c0 c:/devkitpro/devkitarm/bin/../lib/gcc/arm-none-eabi/11.2.0/../../../../arm-none-eabi/lib/armv6k/fpu\libg.a(lib_a-fvwrite.o)
                0x000000000011f350                __sfvwrite_r
 .text.rshift   0x000000000011f810       0xec c:/devkitpro/devkitarm/bin/../lib/gcc/arm-none-eabi/11.2.0/../../../../arm-none-eabi/lib/armv6k/fpu\libg.a(lib_a-gdtoa-gethex.o)
 .text.__gethex
                0x000000000011f8fc      0x904 c:/devkitpro/devkitarm/bin/../lib/gcc/arm-none-eabi/11.2.0/../../../../arm-none-eabi/lib/armv6k/fpu\libg.a(lib_a-gdtoa-gethex.o)
                0x000000000011f8fc                __gethex
 .text.__match  0x0000000000120200       0x4c c:/devkitpro/devkitarm/bin/../lib/gcc/arm-none-eabi/11.2.0/../../../../arm-none-eabi/lib/armv6k/fpu\libg.a(lib_a-gdtoa-hexnan.o)
                0x0000000000120200                __match
 .text.__hexnan
                0x000000000012024c      0x29c c:/devkitpro/devkitarm/bin/../lib/gcc/arm-none-eabi/11.2.0/../../../../arm-none-eabi/lib/armv6k/fpu\libg.a(lib_a-gdtoa-hexnan.o)
                0x000000000012024c                __hexnan
 .text.iswspace_l
                0x00000000001204e8       0x3c c:/devkitpro/devkitarm/bin/../lib/gcc/arm-none-eabi/11.2.0/../../../../arm-none-eabi/lib/armv6k/fpu\libg.a(lib_a-iswspace_l.o)
                0x00000000001204e8                iswspace_l
 .text.__jp2uc  0x0000000000120524      0x1d4 c:/devkitpro/devkitarm/bin/../lib/gcc/arm-none-eabi/11.2.0/../../../../arm-none-eabi/lib/armv6k/fpu\libg.a(lib_a-jp2uc.o)
 .text._jp2uc_l
                0x00000000001206f8       0x9c c:/devkitpro/devkitarm/bin/../lib/gcc/arm-none-eabi/11.2.0/../../../../arm-none-eabi/lib/armv6k/fpu\libg.a(lib_a-jp2uc.o)
                0x00000000001206f8                _jp2uc_l
 .text.memmove  0x0000000000120794      0x154 c:/devkitpro/devkitarm/bin/../lib/gcc/arm-none-eabi/11.2.0/../../../../arm-none-eabi/lib/armv6k/fpu\libg.a(lib_a-memmove.o)
                0x0000000000120794                memmove
 .text.nan      0x00000000001208e8       0x10 c:/devkitpro/devkitarm/bin/../lib/gcc/arm-none-eabi/11.2.0/../../../../arm-none-eabi/lib/armv6k/fpu\libg.a(lib_a-s_nan.o)
                0x00000000001208e8                nan
 .text.abort    0x00000000001208f8       0x14 c:/devkitpro/devkitarm/bin/../lib/gcc/arm-none-eabi/11.2.0/../../../../arm-none-eabi/lib/armv6k/fpu\libg.a(lib_a-abort.o)
                0x00000000001208f8                abort
 .text.category
                0x000000000012090c       0x84 c:/devkitpro/devkitarm/bin/../lib/gcc/arm-none-eabi/11.2.0/../../../../arm-none-eabi/lib/armv6k/fpu\libg.a(lib_a-categories.o)
                0x000000000012090c                category
 .text._raise_r
                0x0000000000120990       0x98 c:/devkitpro/devkitarm/bin/../lib/gcc/arm-none-eabi/11.2.0/../../../../arm-none-eabi/lib/armv6k/fpu\libg.a(lib_a-signal.o)
                0x0000000000120990                _raise_r
 .text.raise    0x0000000000120a28       0x20 c:/devkitpro/devkitarm/bin/../lib/gcc/arm-none-eabi/11.2.0/../../../../arm-none-eabi/lib/armv6k/fpu\libg.a(lib_a-signal.o)
                0x0000000000120a28                raise
 .text.null_write
                0x0000000000120a48        0x8 c:/devkitpro/devkitarm/bin/../lib/gcc/arm-none-eabi/11.2.0/../../../../arm-none-eabi/lib/armv6k/fpu\libsysbase.a(iosupport.o)
 .text.setDefaultDevice
                0x0000000000120a50       0x18 c:/devkitpro/devkitarm/bin/../lib/gcc/arm-none-eabi/11.2.0/../../../../arm-none-eabi/lib/armv6k/fpu\libsysbase.a(iosupport.o)
                0x0000000000120a50                setDefaultDevice
 .text.FindDevice
                0x0000000000120a68       0xc8 c:/devkitpro/devkitarm/bin/../lib/gcc/arm-none-eabi/11.2.0/../../../../arm-none-eabi/lib/armv6k/fpu\libsysbase.a(iosupport.o)
                0x0000000000120a68                FindDevice
 .text.RemoveDevice
                0x0000000000120b30       0x28 c:/devkitpro/devkitarm/bin/../lib/gcc/arm-none-eabi/11.2.0/../../../../arm-none-eabi/lib/armv6k/fpu\libsysbase.a(iosupport.o)
                0x0000000000120b30                RemoveDevice
 .text.AddDevice
                0x0000000000120b58       0x9c c:/devkitpro/devkitarm/bin/../lib/gcc/arm-none-eabi/11.2.0/../../../../arm-none-eabi/lib/armv6k/fpu\libsysbase.a(iosupport.o)
                0x0000000000120b58                AddDevice
 .text.GetDeviceOpTab
                0x0000000000120bf4       0x20 c:/devkitpro/devkitarm/bin/../lib/gcc/arm-none-eabi/11.2.0/../../../../arm-none-eabi/lib/armv6k/fpu\libsysbase.a(iosupport.o)
                0x0000000000120bf4                GetDeviceOpTab
 .text._fstat_r
                0x0000000000120c14       0x78 c:/devkitpro/devkitarm/bin/../lib/gcc/arm-none-eabi/11.2.0/../../../../arm-none-eabi/lib/armv6k/fpu\libsysbase.a(fstat.o)
                0x0000000000120c14                _fstat_r
 .text._getpid_r
                0x0000000000120c8c       0x14 c:/devkitpro/devkitarm/bin/../lib/gcc/arm-none-eabi/11.2.0/../../../../arm-none-eabi/lib/armv6k/fpu\libsysbase.a(getpid.o)
                0x0000000000120c8c                _getpid_r
 .text._isatty_r
                0x0000000000120ca0        0x8 c:/devkitpro/devkitarm/bin/../lib/gcc/arm-none-eabi/11.2.0/../../../../arm-none-eabi/lib/armv6k/fpu\libsysbase.a(isatty.o)
                0x0000000000120ca0                _isatty_r
 .text._kill_r  0x0000000000120ca8       0x14 c:/devkitpro/devkitarm/bin/../lib/gcc/arm-none-eabi/11.2.0/../../../../arm-none-eabi/lib/armv6k/fpu\libsysbase.a(kill.o)
                0x0000000000120ca8                _kill_r
 .text._lseek_r
                0x0000000000120cbc       0x84 c:/devkitpro/devkitarm/bin/../lib/gcc/arm-none-eabi/11.2.0/../../../../arm-none-eabi/lib/armv6k/fpu\libsysbase.a(lseek.o)
                0x0000000000120cbc                _lseek_r
 .text._read_r  0x0000000000120d40       0x80 c:/devkitpro/devkitarm/bin/../lib/gcc/arm-none-eabi/11.2.0/../../../../arm-none-eabi/lib/armv6k/fpu\libsysbase.a(read.o)
                0x0000000000120d40                _read_r
 .text._sbrk_r  0x0000000000120dc0       0x78 c:/devkitpro/devkitarm/bin/../lib/gcc/arm-none-eabi/11.2.0/../../../../arm-none-eabi/lib/armv6k/fpu\libsysbase.a(sbrk.o)
                0x0000000000120dc0                _sbrk_r
 .text._write_r
                0x0000000000120e38       0x80 c:/devkitpro/devkitarm/bin/../lib/gcc/arm-none-eabi/11.2.0/../../../../arm-none-eabi/lib/armv6k/fpu\libsysbase.a(write.o)
                0x0000000000120e38                _write_r
 .text._exit    0x0000000000120eb8       0x20 c:/devkitpro/devkitarm/bin/../lib/gcc/arm-none-eabi/11.2.0/../../../../arm-none-eabi/lib/armv6k/fpu\libsysbase.a(_exit.o)
                0x0000000000120eb8                _exit
 .text._concatenate_path
                0x0000000000120ed8      0x1b8 c:/devkitpro/devkitarm/bin/../lib/gcc/arm-none-eabi/11.2.0/../../../../arm-none-eabi/lib/armv6k/fpu\libsysbase.a(chdir.o)
                0x0000000000120ed8                _concatenate_path
 .text.chdir    0x0000000000121090      0x160 c:/devkitpro/devkitarm/bin/../lib/gcc/arm-none-eabi/11.2.0/../../../../arm-none-eabi/lib/armv6k/fpu\libsysbase.a(chdir.o)
                0x0000000000121090                chdir
 .text.__flockfile
                0x00000000001211f0        0x8 c:/devkitpro/devkitarm/bin/../lib/gcc/arm-none-eabi/11.2.0/../../../../arm-none-eabi/lib/armv6k/fpu\libsysbase.a(flock.o)
                0x00000000001211f0                __flockfile
 .text.__funlockfile
                0x00000000001211f8        0x8 c:/devkitpro/devkitarm/bin/../lib/gcc/arm-none-eabi/11.2.0/../../../../arm-none-eabi/lib/armv6k/fpu\libsysbase.a(flock.o)
                0x00000000001211f8                __funlockfile
 .text.__get_handle
                0x0000000000121200       0x3c c:/devkitpro/devkitarm/bin/../lib/gcc/arm-none-eabi/11.2.0/../../../../arm-none-eabi/lib/armv6k/fpu\libsysbase.a(handle_manager.o)
                0x0000000000121200                __get_handle
 .text._close_r
                0x000000000012123c       0xf4 c:/devkitpro/devkitarm/bin/../lib/gcc/arm-none-eabi/11.2.0/../../../../arm-none-eabi/lib/armv6k/fpu\libsysbase.a(handle_manager.o)
                0x000000000012123c                _close_r
 .text.__getreent
                0x0000000000121330       0x2c c:/devkitpro/devkitarm/bin/../lib/gcc/arm-none-eabi/11.2.0/../../../../arm-none-eabi/lib/armv6k/fpu\libsysbase.a(getreent.o)
                0x0000000000121330                __getreent
 .text.__libc_lock_acquire
                0x000000000012135c       0x1c c:/devkitpro/devkitarm/bin/../lib/gcc/arm-none-eabi/11.2.0/../../../../arm-none-eabi/lib/armv6k/fpu\libsysbase.a(syscall_support.o)
                0x000000000012135c                __libc_lock_acquire
 .text.__libc_lock_release
                0x0000000000121378       0x1c c:/devkitpro/devkitarm/bin/../lib/gcc/arm-none-eabi/11.2.0/../../../../arm-none-eabi/lib/armv6k/fpu\libsysbase.a(syscall_support.o)
                0x0000000000121378                __libc_lock_release
 .text.__libc_lock_init_recursive
                0x0000000000121394       0x1c c:/devkitpro/devkitarm/bin/../lib/gcc/arm-none-eabi/11.2.0/../../../../arm-none-eabi/lib/armv6k/fpu\libsysbase.a(syscall_support.o)
                0x0000000000121394                __libc_lock_init_recursive
 .text.__libc_lock_acquire_recursive
                0x00000000001213b0       0x1c c:/devkitpro/devkitarm/bin/../lib/gcc/arm-none-eabi/11.2.0/../../../../arm-none-eabi/lib/armv6k/fpu\libsysbase.a(syscall_support.o)
                0x00000000001213b0                __libc_lock_acquire_recursive
 .text.__libc_lock_release_recursive
                0x00000000001213cc       0x1c c:/devkitpro/devkitarm/bin/../lib/gcc/arm-none-eabi/11.2.0/../../../../arm-none-eabi/lib/armv6k/fpu\libsysbase.a(syscall_support.o)
                0x00000000001213cc                __libc_lock_release_recursive
 .text.__libc_lock_close_recursive
                0x00000000001213e8       0x1c c:/devkitpro/devkitarm/bin/../lib/gcc/arm-none-eabi/11.2.0/../../../../arm-none-eabi/lib/armv6k/fpu\libsysbase.a(syscall_support.o)
                0x00000000001213e8                __libc_lock_close_recursive
 .text.__fixdfdi
                0x0000000000121404       0x38 c:/devkitpro/devkitarm/bin/../lib/gcc/arm-none-eabi/11.2.0/armv6k/fpu\libgcc.a(_fixdfdi.o)
                0x0000000000121404                __fixdfdi
                0x0000000000121404                __aeabi_d2lz
 *fill*         0x000000000012143c        0x4 
 .text.__fixunsdfdi
                0x0000000000121440       0x40 c:/devkitpro/devkitarm/bin/../lib/gcc/arm-none-eabi/11.2.0/armv6k/fpu\libgcc.a(_fixunsdfdi.o)
                0x0000000000121440                __fixunsdfdi
                0x0000000000121440                __aeabi_d2ulz
 .text.strrchr  0x0000000000121480       0x44 c:/devkitpro/devkitarm/bin/../lib/gcc/arm-none-eabi/11.2.0/../../../../arm-none-eabi/lib/armv6k/fpu\libg.a(lib_a-strrchr.o)
                0x0000000000121480                strrchr
 *(.glue_7)
 .glue_7        0x00000000001214c4        0x0 linker stubs
 *(.glue_7t)
 .glue_7t       0x00000000001214c4        0x0 linker stubs
 *(.stub)
 *(.gnu.warning)
 *(.gnu.linkonce.t*)
                0x00000000001214c4                . = ALIGN (0x4)
 *(.fini)
 .fini          0x00000000001214c4        0xc c:/devkitpro/devkitarm/bin/../lib/gcc/arm-none-eabi/11.2.0/armv6k/fpu/crti.o
                0x00000000001214c4                _fini
 .fini          0x00000000001214d0        0xc c:/devkitpro/devkitarm/bin/../lib/gcc/arm-none-eabi/11.2.0/armv6k/fpu/crtn.o
                0x00000000001214dc                . = ALIGN (0x4)

.vfp11_veneer   0x00000000001214dc        0x0
 .vfp11_veneer  0x00000000001214dc        0x0 linker stubs

.v4_bx          0x00000000001214dc        0x0
 .v4_bx         0x00000000001214dc        0x0 linker stubs

.iplt           0x00000000001214dc        0x0
 .iplt          0x00000000001214dc        0x0 c:/devkitpro/devkitarm/bin/../lib/gcc/arm-none-eabi/11.2.0/../../../../arm-none-eabi/lib/armv6k/fpu/3dsx_crt0.o
                0x0000000000122000                . = ALIGN (0x1000)

.rodata         0x0000000000122000     0x7ce8
 *(.rodata)
 .rodata        0x0000000000122000        0x3 C:/devkitPro/libctru/lib\libctru.a(apt.o)
 *fill*         0x0000000000122003        0x1 
 .rodata        0x0000000000122004        0xc C:/devkitPro/libctru/lib\libctru.a(archive_dev.o)
 *(.roda)
 *(.rodata.*)
 .rodata.str1.4
                0x0000000000122010      0x396 main.o
 *fill*         0x00000000001223a6        0x2 
 .rodata.parseColor.str1.4
                0x00000000001223a8       0x1b C:/devkitPro/libctru/lib\libctru.a(console.o)
 *fill*         0x00000000001223c3        0x1 
 .rodata.con_write.str1.4
                0x00000000001223c4       0x4a C:/devkitPro/libctru/lib\libctru.a(console.o)
 *fill*         0x000000000012240e        0x2 
 .rodata.str1.4
                0x0000000000122410       0x10 C:/devkitPro/libctru/lib\libctru.a(console.o)
 .rodata.colorCube
                0x0000000000122420        0x6 C:/devkitPro/libctru/lib\libctru.a(console.o)
 *fill*         0x0000000000122426        0x2 
 .rodata.colorTable
                0x0000000000122428       0x30 C:/devkitPro/libctru/lib\libctru.a(console.o)
 .rodata.dotab_stdout
                0x0000000000122458       0x70 C:/devkitPro/libctru/lib\libctru.a(console.o)
 .rodata.grayScale
                0x00000000001224c8       0x18 C:/devkitPro/libctru/lib\libctru.a(console.o)
 .rodata.gspInit.str1.4
                0x00000000001224e0        0x9 C:/devkitPro/libctru/lib\libctru.a(gspgpu.o)
 *fill*         0x00000000001224e9        0x3 
 .rodata.aptSendCommand.str1.4
                0x00000000001224ec       0x16 C:/devkitPro/libctru/lib\libctru.a(apt.o)
 *fill*         0x0000000000122502        0x2 
 .rodata.morton_x.3
                0x0000000000122504        0x8 C:/devkitPro/libctru/lib\libctru.a(apt.o)
 .rodata.morton_y.2
                0x000000000012250c        0x8 C:/devkitPro/libctru/lib\libctru.a(apt.o)
 .rodata.s_sleepWakeEvents.4
                0x0000000000122514        0x8 C:/devkitPro/libctru/lib\libctru.a(apt.o)
 .rodata.hidInit.str1.4
                0x000000000012251c       0x15 C:/devkitPro/libctru/lib\libctru.a(hid.o)
 *fill*         0x0000000000122531        0x3 
 .rodata.__system_initArgv.str1.4
                0x0000000000122534        0xa C:/devkitPro/libctru/lib\libctru.a(initArgv.o)
 *fill*         0x000000000012253e        0x2 
 .rodata.default_font_bin
                0x0000000000122540      0x800 C:/devkitPro/libctru/lib\libctru.a(default_font.bin.o)
                0x0000000000122540                default_font_bin
                0x0000000000122d40                default_font_bin_end
 .rodata.srvInit.str1.4
                0x0000000000122d40        0x5 C:/devkitPro/libctru/lib\libctru.a(srv.o)
 *fill*         0x0000000000122d45        0x3 
 .rodata.irrstInit.str1.4
                0x0000000000122d48        0x7 C:/devkitPro/libctru/lib\libctru.a(irrst.o)
 *fill*         0x0000000000122d4f        0x1 
 .rodata.ptmSysmInit.str1.4
                0x0000000000122d50        0x9 C:/devkitPro/libctru/lib\libctru.a(ptmsysm.o)
 *fill*         0x0000000000122d59        0x3 
 .rodata._archiveUnmountDeviceStruct.part.0.str1.4
                0x0000000000122d5c        0x2 C:/devkitPro/libctru/lib\libctru.a(archive_dev.o)
 *fill*         0x0000000000122d5e        0x2 
 .rodata._archiveMountDevice.str1.4
                0x0000000000122d60        0x8 C:/devkitPro/libctru/lib\libctru.a(archive_dev.o)
                                          0xc (size before relaxing)
 .rodata.archiveMountSdmc.str1.4
                0x0000000000122d68        0x5 C:/devkitPro/libctru/lib\libctru.a(archive_dev.o)
 *fill*         0x0000000000122d6d        0x3 
 .rodata.str1.4
                0x0000000000122d70        0x8 C:/devkitPro/libctru/lib\libctru.a(archive_dev.o)
 .rodata.archive_devoptab
                0x0000000000122d78       0x70 C:/devkitPro/libctru/lib\libctru.a(archive_dev.o)
 .rodata.error_table
                0x0000000000122de8       0x30 C:/devkitPro/libctru/lib\libctru.a(archive_dev.o)
 .rodata.fsInit.str1.4
                0x0000000000122e18        0x8 C:/devkitPro/libctru/lib\libctru.a(fs.o)
 .rodata._global_impure_ptr
                0x0000000000122e20        0x4 c:/devkitpro/devkitarm/bin/../lib/gcc/arm-none-eabi/11.2.0/../../../../arm-none-eabi/lib/armv6k/fpu\libg.a(lib_a-impure.o)
                0x0000000000122e20                _global_impure_ptr
 .rodata.__ssvfscanf_r.str1.1
                0x0000000000122e24        0x5 c:/devkitpro/devkitarm/bin/../lib/gcc/arm-none-eabi/11.2.0/../../../../arm-none-eabi/lib/armv6k/fpu\libg.a(lib_a-svfscanf.o)
                                          0x6 (size before relaxing)
 *fill*         0x0000000000122e29        0x3 
 .rodata.basefix.0
                0x0000000000122e2c       0x22 c:/devkitpro/devkitarm/bin/../lib/gcc/arm-none-eabi/11.2.0/../../../../arm-none-eabi/lib/armv6k/fpu\libg.a(lib_a-svfscanf.o)
 .rodata._vfprintf_r.str1.1
                0x0000000000122e4e       0x3b c:/devkitpro/devkitarm/bin/../lib/gcc/arm-none-eabi/11.2.0/../../../../arm-none-eabi/lib/armv6k/fpu\libg.a(lib_a-vfprintf.o)
 *fill*         0x0000000000122e89        0x3 
 .rodata.blanks.1
                0x0000000000122e8c       0x10 c:/devkitpro/devkitarm/bin/../lib/gcc/arm-none-eabi/11.2.0/../../../../arm-none-eabi/lib/armv6k/fpu\libg.a(lib_a-vfprintf.o)
 .rodata.zeroes.0
                0x0000000000122e9c       0x10 c:/devkitpro/devkitarm/bin/../lib/gcc/arm-none-eabi/11.2.0/../../../../arm-none-eabi/lib/armv6k/fpu\libg.a(lib_a-vfprintf.o)
 .rodata._ctype_
                0x0000000000122eac      0x101 c:/devkitpro/devkitarm/bin/../lib/gcc/arm-none-eabi/11.2.0/../../../../arm-none-eabi/lib/armv6k/fpu\libg.a(lib_a-ctype_.o)
                0x0000000000122eac                _ctype_
 *fill*         0x0000000000122fad        0x3 
 .rodata._dtoa_r.str1.4
                0x0000000000122fb0       0x67 c:/devkitpro/devkitarm/bin/../lib/gcc/arm-none-eabi/11.2.0/../../../../arm-none-eabi/lib/armv6k/fpu\libg.a(lib_a-dtoa.o)
 *fill*         0x0000000000123017        0x1 
 .rodata.str1.4
                0x0000000000123018       0x44 c:/devkitpro/devkitarm/bin/../lib/gcc/arm-none-eabi/11.2.0/../../../../arm-none-eabi/lib/armv6k/fpu\libg.a(lib_a-locale.o)
                                         0x4c (size before relaxing)
 .rodata._mbrtowc_r.str1.4
                0x000000000012305c        0x1 c:/devkitpro/devkitarm/bin/../lib/gcc/arm-none-eabi/11.2.0/../../../../arm-none-eabi/lib/armv6k/fpu\libg.a(lib_a-mbrtowc.o)
 .rodata.__multadd.str1.4
                0x000000000012305c       0x40 c:/devkitpro/devkitarm/bin/../lib/gcc/arm-none-eabi/11.2.0/../../../../arm-none-eabi/lib/armv6k/fpu\libg.a(lib_a-mprec.o)
                                         0x54 (size before relaxing)
 *fill*         0x000000000012309c        0x4 
 .rodata.__mprec_bigtens
                0x00000000001230a0       0x28 c:/devkitpro/devkitarm/bin/../lib/gcc/arm-none-eabi/11.2.0/../../../../arm-none-eabi/lib/armv6k/fpu\libg.a(lib_a-mprec.o)
                0x00000000001230a0                __mprec_bigtens
 .rodata.__mprec_tens
                0x00000000001230c8       0xc8 c:/devkitpro/devkitarm/bin/../lib/gcc/arm-none-eabi/11.2.0/../../../../arm-none-eabi/lib/armv6k/fpu\libg.a(lib_a-mprec.o)
                0x00000000001230c8                __mprec_tens
 .rodata.p05.0  0x0000000000123190        0xc c:/devkitpro/devkitarm/bin/../lib/gcc/arm-none-eabi/11.2.0/../../../../arm-none-eabi/lib/armv6k/fpu\libg.a(lib_a-mprec.o)
 .rodata._strtod_l.str1.4
                0x000000000012319c        0xf c:/devkitpro/devkitarm/bin/../lib/gcc/arm-none-eabi/11.2.0/../../../../arm-none-eabi/lib/armv6k/fpu\libg.a(lib_a-strtod.o)
                                         0x11 (size before relaxing)
 *fill*         0x00000000001231ab        0x1 
 .rodata.fpi.1  0x00000000001231ac       0x14 c:/devkitpro/devkitarm/bin/../lib/gcc/arm-none-eabi/11.2.0/../../../../arm-none-eabi/lib/armv6k/fpu\libg.a(lib_a-strtod.o)
 .rodata.fpinan.0
                0x00000000001231c0       0x14 c:/devkitpro/devkitarm/bin/../lib/gcc/arm-none-eabi/11.2.0/../../../../arm-none-eabi/lib/armv6k/fpu\libg.a(lib_a-strtod.o)
 *fill*         0x00000000001231d4        0x4 
 .rodata.tinytens
                0x00000000001231d8       0x28 c:/devkitpro/devkitarm/bin/../lib/gcc/arm-none-eabi/11.2.0/../../../../arm-none-eabi/lib/armv6k/fpu\libg.a(lib_a-strtod.o)
 .rodata.__action_table
                0x0000000000123200       0x6c c:/devkitpro/devkitarm/bin/../lib/gcc/arm-none-eabi/11.2.0/../../../../arm-none-eabi/lib/armv6k/fpu\libg.a(lib_a-svfiprintf.o)
                0x0000000000123200                __action_table
 .rodata.__chclass
                0x000000000012326c      0x100 c:/devkitpro/devkitarm/bin/../lib/gcc/arm-none-eabi/11.2.0/../../../../arm-none-eabi/lib/armv6k/fpu\libg.a(lib_a-svfiprintf.o)
                0x000000000012326c                __chclass
 .rodata.__state_table
                0x000000000012336c       0x6c c:/devkitpro/devkitarm/bin/../lib/gcc/arm-none-eabi/11.2.0/../../../../arm-none-eabi/lib/armv6k/fpu\libg.a(lib_a-svfiprintf.o)
                0x000000000012336c                __state_table
 .rodata._svfprintf_r.str1.1
                0x00000000001233d8       0x3b c:/devkitpro/devkitarm/bin/../lib/gcc/arm-none-eabi/11.2.0/../../../../arm-none-eabi/lib/armv6k/fpu\libg.a(lib_a-svfprintf.o)
 .rodata.blanks.1
                0x00000000001233d8       0x10 c:/devkitpro/devkitarm/bin/../lib/gcc/arm-none-eabi/11.2.0/../../../../arm-none-eabi/lib/armv6k/fpu\libg.a(lib_a-svfprintf.o)
 .rodata.zeroes.0
                0x00000000001233e8       0x10 c:/devkitpro/devkitarm/bin/../lib/gcc/arm-none-eabi/11.2.0/../../../../arm-none-eabi/lib/armv6k/fpu\libg.a(lib_a-svfprintf.o)
 .rodata._vfiprintf_r.str1.1
                0x00000000001233f8       0x29 c:/devkitpro/devkitarm/bin/../lib/gcc/arm-none-eabi/11.2.0/../../../../arm-none-eabi/lib/armv6k/fpu\libg.a(lib_a-vfiprintf.o)
 .rodata.blanks.1
                0x00000000001233f8       0x10 c:/devkitpro/devkitarm/bin/../lib/gcc/arm-none-eabi/11.2.0/../../../../arm-none-eabi/lib/armv6k/fpu\libg.a(lib_a-vfiprintf.o)
 .rodata.zeroes.0
                0x0000000000123408       0x10 c:/devkitpro/devkitarm/bin/../lib/gcc/arm-none-eabi/11.2.0/../../../../arm-none-eabi/lib/armv6k/fpu\libg.a(lib_a-vfiprintf.o)
 .rodata.__assert_func.str1.4
                0x0000000000123418       0x3f c:/devkitpro/devkitarm/bin/../lib/gcc/arm-none-eabi/11.2.0/../../../../arm-none-eabi/lib/armv6k/fpu\libg.a(lib_a-assert.o)
                                         0x43 (size before relaxing)
 *fill*         0x0000000000123457        0x1 
 .rodata.__gethex.str1.4
                0x0000000000123458       0x47 c:/devkitpro/devkitarm/bin/../lib/gcc/arm-none-eabi/11.2.0/../../../../arm-none-eabi/lib/armv6k/fpu\libg.a(lib_a-gdtoa-gethex.o)
                                         0x5b (size before relaxing)
 *fill*         0x000000000012349f        0x1 
 .rodata.__hexdig
                0x00000000001234a0      0x100 c:/devkitpro/devkitarm/bin/../lib/gcc/arm-none-eabi/11.2.0/../../../../arm-none-eabi/lib/armv6k/fpu\libg.a(lib_a-gdtoa-gethex.o)
                0x00000000001234a0                __hexdig
 .rodata._jp2uc_l.str1.4
                0x00000000001235a0       0x12 c:/devkitpro/devkitarm/bin/../lib/gcc/arm-none-eabi/11.2.0/../../../../arm-none-eabi/lib/armv6k/fpu\libg.a(lib_a-jp2uc.o)
 *fill*         0x00000000001235b2        0x2 
 .rodata.a1     0x00000000001235b4       0xbc c:/devkitpro/devkitarm/bin/../lib/gcc/arm-none-eabi/11.2.0/../../../../arm-none-eabi/lib/armv6k/fpu\libg.a(lib_a-jp2uc.o)
 .rodata.a2     0x0000000000123670       0xbc c:/devkitpro/devkitarm/bin/../lib/gcc/arm-none-eabi/11.2.0/../../../../arm-none-eabi/lib/armv6k/fpu\libg.a(lib_a-jp2uc.o)
 .rodata.a3     0x000000000012372c       0x5b c:/devkitpro/devkitarm/bin/../lib/gcc/arm-none-eabi/11.2.0/../../../../arm-none-eabi/lib/armv6k/fpu\libg.a(lib_a-jp2uc.o)
 *fill*         0x0000000000123787        0x1 
 .rodata.a6     0x0000000000123788       0x70 c:/devkitpro/devkitarm/bin/../lib/gcc/arm-none-eabi/11.2.0/../../../../arm-none-eabi/lib/armv6k/fpu\libg.a(lib_a-jp2uc.o)
 .rodata.a7     0x00000000001237f8       0xa2 c:/devkitpro/devkitarm/bin/../lib/gcc/arm-none-eabi/11.2.0/../../../../arm-none-eabi/lib/armv6k/fpu\libg.a(lib_a-jp2uc.o)
 *fill*         0x000000000012389a        0x2 
 .rodata.a8     0x000000000012389c       0x40 c:/devkitpro/devkitarm/bin/../lib/gcc/arm-none-eabi/11.2.0/../../../../arm-none-eabi/lib/armv6k/fpu\libg.a(lib_a-jp2uc.o)
 .rodata.b02cf  0x00000000001238dc     0x172a c:/devkitpro/devkitarm/bin/../lib/gcc/arm-none-eabi/11.2.0/../../../../arm-none-eabi/lib/armv6k/fpu\libg.a(lib_a-jp2uc.o)
 *fill*         0x0000000000125006        0x2 
 .rodata.d02f4  0x0000000000125008     0x1a7c c:/devkitpro/devkitarm/bin/../lib/gcc/arm-none-eabi/11.2.0/../../../../arm-none-eabi/lib/armv6k/fpu\libg.a(lib_a-jp2uc.o)
 .rodata.str1.4
                0x0000000000126a84        0x5 c:/devkitpro/devkitarm/bin/../lib/gcc/arm-none-eabi/11.2.0/../../../../arm-none-eabi/lib/armv6k/fpu\libg.a(lib_a-lnumeric.o)
 .rodata._C_numeric_locale
                0x0000000000126a84        0xc c:/devkitpro/devkitarm/bin/../lib/gcc/arm-none-eabi/11.2.0/../../../../arm-none-eabi/lib/armv6k/fpu\libg.a(lib_a-lnumeric.o)
                0x0000000000126a84                _C_numeric_locale
 .rodata.categories
                0x0000000000126a90     0x31e6 c:/devkitpro/devkitarm/bin/../lib/gcc/arm-none-eabi/11.2.0/../../../../arm-none-eabi/lib/armv6k/fpu\libg.a(lib_a-categories.o)
 .rodata.AddDevice.str1.4
                0x0000000000129c76        0x8 c:/devkitpro/devkitarm/bin/../lib/gcc/arm-none-eabi/11.2.0/../../../../arm-none-eabi/lib/armv6k/fpu\libsysbase.a(iosupport.o)